15:56:23 **** Incremental Build of configuration Debug for project blinky_eigen ****
make all 
'Building file: ../Src/main.c'
'Invoking: MCU GCC Compiler'
C:\Users\Gebruiker\Desktop\Embedded_systems\workspace\blinky_eigen\Debug
arm-none-eabi-gcc -mcpu=cortex-m7 -mthumb -mfloat-abi=hard -mfpu=fpv5-sp-d16 -D__weak="__attribute__((weak))" -D__packed="__attribute__((__packed__))" -DUSE_HAL_DRIVER -DSTM32F746xx -I"C:/Users/Gebruiker/Desktop/Embedded_systems/workspace/blinky_eigen/Inc" -I"C:/Users/Gebruiker/Desktop/Embedded_systems/workspace/blinky_eigen/Drivers/STM32F7xx_HAL_Driver/Inc" -I"C:/Users/Gebruiker/Desktop/Embedded_systems/workspace/blinky_eigen/Drivers/STM32F7xx_HAL_Driver/Inc/Legacy" -I"C:/Users/Gebruiker/Desktop/Embedded_systems/workspace/blinky_eigen/Drivers/CMSIS/Include" -I"C:/Users/Gebruiker/Desktop/Embedded_systems/workspace/blinky_eigen/Drivers/CMSIS/Device/ST/STM32F7xx/Include" -I"C:/Users/Gebruiker/Desktop/Embedded_systems/workspace/blinky_eigen/Inc"  -Os -g3 -Wall -fmessage-length=0 -ffunction-sections -c -fmessage-length=0 -MMD -MP -MF"Src/main.d" -MT"Src/main.o" -o "Src/main.o" "../Src/main.c"
'Finished building: ../Src/main.c'
' '
'Building file: ../Src/stm32f7xx_hal_msp.c'
'Invoking: MCU GCC Compiler'
C:\Users\Gebruiker\Desktop\Embedded_systems\workspace\blinky_eigen\Debug
arm-none-eabi-gcc -mcpu=cortex-m7 -mthumb -mfloat-abi=hard -mfpu=fpv5-sp-d16 -D__weak="__attribute__((weak))" -D__packed="__attribute__((__packed__))" -DUSE_HAL_DRIVER -DSTM32F746xx -I"C:/Users/Gebruiker/Desktop/Embedded_systems/workspace/blinky_eigen/Inc" -I"C:/Users/Gebruiker/Desktop/Embedded_systems/workspace/blinky_eigen/Drivers/STM32F7xx_HAL_Driver/Inc" -I"C:/Users/Gebruiker/Desktop/Embedded_systems/workspace/blinky_eigen/Drivers/STM32F7xx_HAL_Driver/Inc/Legacy" -I"C:/Users/Gebruiker/Desktop/Embedded_systems/workspace/blinky_eigen/Drivers/CMSIS/Include" -I"C:/Users/Gebruiker/Desktop/Embedded_systems/workspace/blinky_eigen/Drivers/CMSIS/Device/ST/STM32F7xx/Include" -I"C:/Users/Gebruiker/Desktop/Embedded_systems/workspace/blinky_eigen/Inc"  -Os -g3 -Wall -fmessage-length=0 -ffunction-sections -c -fmessage-length=0 -MMD -MP -MF"Src/stm32f7xx_hal_msp.d" -MT"Src/stm32f7xx_hal_msp.o" -o "Src/stm32f7xx_hal_msp.o" "../Src/stm32f7xx_hal_msp.c"
'Finished building: ../Src/stm32f7xx_hal_msp.c'
' '
'Building file: ../Src/stm32f7xx_it.c'
'Invoking: MCU GCC Compiler'
C:\Users\Gebruiker\Desktop\Embedded_systems\workspace\blinky_eigen\Debug
arm-none-eabi-gcc -mcpu=cortex-m7 -mthumb -mfloat-abi=hard -mfpu=fpv5-sp-d16 -D__weak="__attribute__((weak))" -D__packed="__attribute__((__packed__))" -DUSE_HAL_DRIVER -DSTM32F746xx -I"C:/Users/Gebruiker/Desktop/Embedded_systems/workspace/blinky_eigen/Inc" -I"C:/Users/Gebruiker/Desktop/Embedded_systems/workspace/blinky_eigen/Drivers/STM32F7xx_HAL_Driver/Inc" -I"C:/Users/Gebruiker/Desktop/Embedded_systems/workspace/blinky_eigen/Drivers/STM32F7xx_HAL_Driver/Inc/Legacy" -I"C:/Users/Gebruiker/Desktop/Embedded_systems/workspace/blinky_eigen/Drivers/CMSIS/Include" -I"C:/Users/Gebruiker/Desktop/Embedded_systems/workspace/blinky_eigen/Drivers/CMSIS/Device/ST/STM32F7xx/Include" -I"C:/Users/Gebruiker/Desktop/Embedded_systems/workspace/blinky_eigen/Inc"  -Os -g3 -Wall -fmessage-length=0 -ffunction-sections -c -fmessage-length=0 -MMD -MP -MF"Src/stm32f7xx_it.d" -MT"Src/stm32f7xx_it.o" -o "Src/stm32f7xx_it.o" "../Src/stm32f7xx_it.c"
'Finished building: ../Src/stm32f7xx_it.c'
' '
'Building file: ../Drivers/STM32F7xx_HAL_Driver/Src/stm32f7xx_hal.c'
'Invoking: MCU GCC Compiler'
C:\Users\Gebruiker\Desktop\Embedded_systems\workspace\blinky_eigen\Debug
arm-none-eabi-gcc -mcpu=cortex-m7 -mthumb -mfloat-abi=hard -mfpu=fpv5-sp-d16 -D__weak="__attribute__((weak))" -D__packed="__attribute__((__packed__))" -DUSE_HAL_DRIVER -DSTM32F746xx -I"C:/Users/Gebruiker/Desktop/Embedded_systems/workspace/blinky_eigen/Inc" -I"C:/Users/Gebruiker/Desktop/Embedded_systems/workspace/blinky_eigen/Drivers/STM32F7xx_HAL_Driver/Inc" -I"C:/Users/Gebruiker/Desktop/Embedded_systems/workspace/blinky_eigen/Drivers/STM32F7xx_HAL_Driver/Inc/Legacy" -I"C:/Users/Gebruiker/Desktop/Embedded_systems/workspace/blinky_eigen/Drivers/CMSIS/Include" -I"C:/Users/Gebruiker/Desktop/Embedded_systems/workspace/blinky_eigen/Drivers/CMSIS/Device/ST/STM32F7xx/Include" -I"C:/Users/Gebruiker/Desktop/Embedded_systems/workspace/blinky_eigen/Inc"  -Os -g3 -Wall -fmessage-length=0 -ffunction-sections -c -fmessage-length=0 -MMD -MP -MF"Drivers/STM32F7xx_HAL_Driver/Src/stm32f7xx_hal.d" -MT"Drivers/STM32F7xx_HAL_Driver/Src/stm32f7xx_hal.o" -o "Drivers/STM32F7xx_HAL_Driver/Src/stm32f7xx_hal.o" "../Drivers/STM32F7xx_HAL_Driver/Src/stm32f7xx_hal.c"
'Finished building: ../Drivers/STM32F7xx_HAL_Driver/Src/stm32f7xx_hal.c'
' '
'Building file: ../Drivers/STM32F7xx_HAL_Driver/Src/stm32f7xx_hal_cortex.c'
'Invoking: MCU GCC Compiler'
C:\Users\Gebruiker\Desktop\Embedded_systems\workspace\blinky_eigen\Debug
arm-none-eabi-gcc -mcpu=cortex-m7 -mthumb -mfloat-abi=hard -mfpu=fpv5-sp-d16 -D__weak="__attribute__((weak))" -D__packed="__attribute__((__packed__))" -DUSE_HAL_DRIVER -DSTM32F746xx -I"C:/Users/Gebruiker/Desktop/Embedded_systems/workspace/blinky_eigen/Inc" -I"C:/Users/Gebruiker/Desktop/Embedded_systems/workspace/blinky_eigen/Drivers/STM32F7xx_HAL_Driver/Inc" -I"C:/Users/Gebruiker/Desktop/Embedded_systems/workspace/blinky_eigen/Drivers/STM32F7xx_HAL_Driver/Inc/Legacy" -I"C:/Users/Gebruiker/Desktop/Embedded_systems/workspace/blinky_eigen/Drivers/CMSIS/Include" -I"C:/Users/Gebruiker/Desktop/Embedded_systems/workspace/blinky_eigen/Drivers/CMSIS/Device/ST/STM32F7xx/Include" -I"C:/Users/Gebruiker/Desktop/Embedded_systems/workspace/blinky_eigen/Inc"  -Os -g3 -Wall -fmessage-length=0 -ffunction-sections -c -fmessage-length=0 -MMD -MP -MF"Drivers/STM32F7xx_HAL_Driver/Src/stm32f7xx_hal_cortex.d" -MT"Drivers/STM32F7xx_HAL_Driver/Src/stm32f7xx_hal_cortex.o" -o "Drivers/STM32F7xx_HAL_Driver/Src/stm32f7xx_hal_cortex.o" "../Drivers/STM32F7xx_HAL_Driver/Src/stm32f7xx_hal_cortex.c"
'Finished building: ../Drivers/STM32F7xx_HAL_Driver/Src/stm32f7xx_hal_cortex.c'
' '
'Building file: ../Drivers/STM32F7xx_HAL_Driver/Src/stm32f7xx_hal_dma.c'
'Invoking: MCU GCC Compiler'
C:\Users\Gebruiker\Desktop\Embedded_systems\workspace\blinky_eigen\Debug
arm-none-eabi-gcc -mcpu=cortex-m7 -mthumb -mfloat-abi=hard -mfpu=fpv5-sp-d16 -D__weak="__attribute__((weak))" -D__packed="__attribute__((__packed__))" -DUSE_HAL_DRIVER -DSTM32F746xx -I"C:/Users/Gebruiker/Desktop/Embedded_systems/workspace/blinky_eigen/Inc" -I"C:/Users/Gebruiker/Desktop/Embedded_systems/workspace/blinky_eigen/Drivers/STM32F7xx_HAL_Driver/Inc" -I"C:/Users/Gebruiker/Desktop/Embedded_systems/workspace/blinky_eigen/Drivers/STM32F7xx_HAL_Driver/Inc/Legacy" -I"C:/Users/Gebruiker/Desktop/Embedded_systems/workspace/blinky_eigen/Drivers/CMSIS/Include" -I"C:/Users/Gebruiker/Desktop/Embedded_systems/workspace/blinky_eigen/Drivers/CMSIS/Device/ST/STM32F7xx/Include" -I"C:/Users/Gebruiker/Desktop/Embedded_systems/workspace/blinky_eigen/Inc"  -Os -g3 -Wall -fmessage-length=0 -ffunction-sections -c -fmessage-length=0 -MMD -MP -MF"Drivers/STM32F7xx_HAL_Driver/Src/stm32f7xx_hal_dma.d" -MT"Drivers/STM32F7xx_HAL_Driver/Src/stm32f7xx_hal_dma.o" -o "Drivers/STM32F7xx_HAL_Driver/Src/stm32f7xx_hal_dma.o" "../Drivers/STM32F7xx_HAL_Driver/Src/stm32f7xx_hal_dma.c"
'Finished building: ../Drivers/STM32F7xx_HAL_Driver/Src/stm32f7xx_hal_dma.c'
' '
'Building file: ../Drivers/STM32F7xx_HAL_Driver/Src/stm32f7xx_hal_dma_ex.c'
'Invoking: MCU GCC Compiler'
C:\Users\Gebruiker\Desktop\Embedded_systems\workspace\blinky_eigen\Debug
arm-none-eabi-gcc -mcpu=cortex-m7 -mthumb -mfloat-abi=hard -mfpu=fpv5-sp-d16 -D__weak="__attribute__((weak))" -D__packed="__attribute__((__packed__))" -DUSE_HAL_DRIVER -DSTM32F746xx -I"C:/Users/Gebruiker/Desktop/Embedded_systems/workspace/blinky_eigen/Inc" -I"C:/Users/Gebruiker/Desktop/Embedded_systems/workspace/blinky_eigen/Drivers/STM32F7xx_HAL_Driver/Inc" -I"C:/Users/Gebruiker/Desktop/Embedded_systems/workspace/blinky_eigen/Drivers/STM32F7xx_HAL_Driver/Inc/Legacy" -I"C:/Users/Gebruiker/Desktop/Embedded_systems/workspace/blinky_eigen/Drivers/CMSIS/Include" -I"C:/Users/Gebruiker/Desktop/Embedded_systems/workspace/blinky_eigen/Drivers/CMSIS/Device/ST/STM32F7xx/Include" -I"C:/Users/Gebruiker/Desktop/Embedded_systems/workspace/blinky_eigen/Inc"  -Os -g3 -Wall -fmessage-length=0 -ffunction-sections -c -fmessage-length=0 -MMD -MP -MF"Drivers/STM32F7xx_HAL_Driver/Src/stm32f7xx_hal_dma_ex.d" -MT"Drivers/STM32F7xx_HAL_Driver/Src/stm32f7xx_hal_dma_ex.o" -o "Drivers/STM32F7xx_HAL_Driver/Src/stm32f7xx_hal_dma_ex.o" "../Drivers/STM32F7xx_HAL_Driver/Src/stm32f7xx_hal_dma_ex.c"
'Finished building: ../Drivers/STM32F7xx_HAL_Driver/Src/stm32f7xx_hal_dma_ex.c'
' '
'Building file: ../Drivers/STM32F7xx_HAL_Driver/Src/stm32f7xx_hal_flash.c'
'Invoking: MCU GCC Compiler'
C:\Users\Gebruiker\Desktop\Embedded_systems\workspace\blinky_eigen\Debug
arm-none-eabi-gcc -mcpu=cortex-m7 -mthumb -mfloat-abi=hard -mfpu=fpv5-sp-d16 -D__weak="__attribute__((weak))" -D__packed="__attribute__((__packed__))" -DUSE_HAL_DRIVER -DSTM32F746xx -I"C:/Users/Gebruiker/Desktop/Embedded_systems/workspace/blinky_eigen/Inc" -I"C:/Users/Gebruiker/Desktop/Embedded_systems/workspace/blinky_eigen/Drivers/STM32F7xx_HAL_Driver/Inc" -I"C:/Users/Gebruiker/Desktop/Embedded_systems/workspace/blinky_eigen/Drivers/STM32F7xx_HAL_Driver/Inc/Legacy" -I"C:/Users/Gebruiker/Desktop/Embedded_systems/workspace/blinky_eigen/Drivers/CMSIS/Include" -I"C:/Users/Gebruiker/Desktop/Embedded_systems/workspace/blinky_eigen/Drivers/CMSIS/Device/ST/STM32F7xx/Include" -I"C:/Users/Gebruiker/Desktop/Embedded_systems/workspace/blinky_eigen/Inc"  -Os -g3 -Wall -fmessage-length=0 -ffunction-sections -c -fmessage-length=0 -MMD -MP -MF"Drivers/STM32F7xx_HAL_Driver/Src/stm32f7xx_hal_flash.d" -MT"Drivers/STM32F7xx_HAL_Driver/Src/stm32f7xx_hal_flash.o" -o "Drivers/STM32F7xx_HAL_Driver/Src/stm32f7xx_hal_flash.o" "../Drivers/STM32F7xx_HAL_Driver/Src/stm32f7xx_hal_flash.c"
'Finished building: ../Drivers/STM32F7xx_HAL_Driver/Src/stm32f7xx_hal_flash.c'
' '
'Building file: ../Drivers/STM32F7xx_HAL_Driver/Src/stm32f7xx_hal_flash_ex.c'
'Invoking: MCU GCC Compiler'
C:\Users\Gebruiker\Desktop\Embedded_systems\workspace\blinky_eigen\Debug
arm-none-eabi-gcc -mcpu=cortex-m7 -mthumb -mfloat-abi=hard -mfpu=fpv5-sp-d16 -D__weak="__attribute__((weak))" -D__packed="__attribute__((__packed__))" -DUSE_HAL_DRIVER -DSTM32F746xx -I"C:/Users/Gebruiker/Desktop/Embedded_systems/workspace/blinky_eigen/Inc" -I"C:/Users/Gebruiker/Desktop/Embedded_systems/workspace/blinky_eigen/Drivers/STM32F7xx_HAL_Driver/Inc" -I"C:/Users/Gebruiker/Desktop/Embedded_systems/workspace/blinky_eigen/Drivers/STM32F7xx_HAL_Driver/Inc/Legacy" -I"C:/Users/Gebruiker/Desktop/Embedded_systems/workspace/blinky_eigen/Drivers/CMSIS/Include" -I"C:/Users/Gebruiker/Desktop/Embedded_systems/workspace/blinky_eigen/Drivers/CMSIS/Device/ST/STM32F7xx/Include" -I"C:/Users/Gebruiker/Desktop/Embedded_systems/workspace/blinky_eigen/Inc"  -Os -g3 -Wall -fmessage-length=0 -ffunction-sections -c -fmessage-length=0 -MMD -MP -MF"Drivers/STM32F7xx_HAL_Driver/Src/stm32f7xx_hal_flash_ex.d" -MT"Drivers/STM32F7xx_HAL_Driver/Src/stm32f7xx_hal_flash_ex.o" -o "Drivers/STM32F7xx_HAL_Driver/Src/stm32f7xx_hal_flash_ex.o" "../Drivers/STM32F7xx_HAL_Driver/Src/stm32f7xx_hal_flash_ex.c"
'Finished building: ../Drivers/STM32F7xx_HAL_Driver/Src/stm32f7xx_hal_flash_ex.c'
' '
'Building file: ../Drivers/STM32F7xx_HAL_Driver/Src/stm32f7xx_hal_gpio.c'
'Invoking: MCU GCC Compiler'
C:\Users\Gebruiker\Desktop\Embedded_systems\workspace\blinky_eigen\Debug
arm-none-eabi-gcc -mcpu=cortex-m7 -mthumb -mfloat-abi=hard -mfpu=fpv5-sp-d16 -D__weak="__attribute__((weak))" -D__packed="__attribute__((__packed__))" -DUSE_HAL_DRIVER -DSTM32F746xx -I"C:/Users/Gebruiker/Desktop/Embedded_systems/workspace/blinky_eigen/Inc" -I"C:/Users/Gebruiker/Desktop/Embedded_systems/workspace/blinky_eigen/Drivers/STM32F7xx_HAL_Driver/Inc" -I"C:/Users/Gebruiker/Desktop/Embedded_systems/workspace/blinky_eigen/Drivers/STM32F7xx_HAL_Driver/Inc/Legacy" -I"C:/Users/Gebruiker/Desktop/Embedded_systems/workspace/blinky_eigen/Drivers/CMSIS/Include" -I"C:/Users/Gebruiker/Desktop/Embedded_systems/workspace/blinky_eigen/Drivers/CMSIS/Device/ST/STM32F7xx/Include" -I"C:/Users/Gebruiker/Desktop/Embedded_systems/workspace/blinky_eigen/Inc"  -Os -g3 -Wall -fmessage-length=0 -ffunction-sections -c -fmessage-length=0 -MMD -MP -MF"Drivers/STM32F7xx_HAL_Driver/Src/stm32f7xx_hal_gpio.d" -MT"Drivers/STM32F7xx_HAL_Driver/Src/stm32f7xx_hal_gpio.o" -o "Drivers/STM32F7xx_HAL_Driver/Src/stm32f7xx_hal_gpio.o" "../Drivers/STM32F7xx_HAL_Driver/Src/stm32f7xx_hal_gpio.c"
'Finished building: ../Drivers/STM32F7xx_HAL_Driver/Src/stm32f7xx_hal_gpio.c'
' '
'Building file: ../Drivers/STM32F7xx_HAL_Driver/Src/stm32f7xx_hal_i2c.c'
'Invoking: MCU GCC Compiler'
C:\Users\Gebruiker\Desktop\Embedded_systems\workspace\blinky_eigen\Debug
arm-none-eabi-gcc -mcpu=cortex-m7 -mthumb -mfloat-abi=hard -mfpu=fpv5-sp-d16 -D__weak="__attribute__((weak))" -D__packed="__attribute__((__packed__))" -DUSE_HAL_DRIVER -DSTM32F746xx -I"C:/Users/Gebruiker/Desktop/Embedded_systems/workspace/blinky_eigen/Inc" -I"C:/Users/Gebruiker/Desktop/Embedded_systems/workspace/blinky_eigen/Drivers/STM32F7xx_HAL_Driver/Inc" -I"C:/Users/Gebruiker/Desktop/Embedded_systems/workspace/blinky_eigen/Drivers/STM32F7xx_HAL_Driver/Inc/Legacy" -I"C:/Users/Gebruiker/Desktop/Embedded_systems/workspace/blinky_eigen/Drivers/CMSIS/Include" -I"C:/Users/Gebruiker/Desktop/Embedded_systems/workspace/blinky_eigen/Drivers/CMSIS/Device/ST/STM32F7xx/Include" -I"C:/Users/Gebruiker/Desktop/Embedded_systems/workspace/blinky_eigen/Inc"  -Os -g3 -Wall -fmessage-length=0 -ffunction-sections -c -fmessage-length=0 -MMD -MP -MF"Drivers/STM32F7xx_HAL_Driver/Src/stm32f7xx_hal_i2c.d" -MT"Drivers/STM32F7xx_HAL_Driver/Src/stm32f7xx_hal_i2c.o" -o "Drivers/STM32F7xx_HAL_Driver/Src/stm32f7xx_hal_i2c.o" "../Drivers/STM32F7xx_HAL_Driver/Src/stm32f7xx_hal_i2c.c"
'Finished building: ../Drivers/STM32F7xx_HAL_Driver/Src/stm32f7xx_hal_i2c.c'
' '
'Building file: ../Drivers/STM32F7xx_HAL_Driver/Src/stm32f7xx_hal_i2c_ex.c'
'Invoking: MCU GCC Compiler'
C:\Users\Gebruiker\Desktop\Embedded_systems\workspace\blinky_eigen\Debug
arm-none-eabi-gcc -mcpu=cortex-m7 -mthumb -mfloat-abi=hard -mfpu=fpv5-sp-d16 -D__weak="__attribute__((weak))" -D__packed="__attribute__((__packed__))" -DUSE_HAL_DRIVER -DSTM32F746xx -I"C:/Users/Gebruiker/Desktop/Embedded_systems/workspace/blinky_eigen/Inc" -I"C:/Users/Gebruiker/Desktop/Embedded_systems/workspace/blinky_eigen/Drivers/STM32F7xx_HAL_Driver/Inc" -I"C:/Users/Gebruiker/Desktop/Embedded_systems/workspace/blinky_eigen/Drivers/STM32F7xx_HAL_Driver/Inc/Legacy" -I"C:/Users/Gebruiker/Desktop/Embedded_systems/workspace/blinky_eigen/Drivers/CMSIS/Include" -I"C:/Users/Gebruiker/Desktop/Embedded_systems/workspace/blinky_eigen/Drivers/CMSIS/Device/ST/STM32F7xx/Include" -I"C:/Users/Gebruiker/Desktop/Embedded_systems/workspace/blinky_eigen/Inc"  -Os -g3 -Wall -fmessage-length=0 -ffunction-sections -c -fmessage-length=0 -MMD -MP -MF"Drivers/STM32F7xx_HAL_Driver/Src/stm32f7xx_hal_i2c_ex.d" -MT"Drivers/STM32F7xx_HAL_Driver/Src/stm32f7xx_hal_i2c_ex.o" -o "Drivers/STM32F7xx_HAL_Driver/Src/stm32f7xx_hal_i2c_ex.o" "../Drivers/STM32F7xx_HAL_Driver/Src/stm32f7xx_hal_i2c_ex.c"
'Finished building: ../Drivers/STM32F7xx_HAL_Driver/Src/stm32f7xx_hal_i2c_ex.c'
' '
'Building file: ../Drivers/STM32F7xx_HAL_Driver/Src/stm32f7xx_hal_pwr.c'
'Invoking: MCU GCC Compiler'
C:\Users\Gebruiker\Desktop\Embedded_systems\workspace\blinky_eigen\Debug
arm-none-eabi-gcc -mcpu=cortex-m7 -mthumb -mfloat-abi=hard -mfpu=fpv5-sp-d16 -D__weak="__attribute__((weak))" -D__packed="__attribute__((__packed__))" -DUSE_HAL_DRIVER -DSTM32F746xx -I"C:/Users/Gebruiker/Desktop/Embedded_systems/workspace/blinky_eigen/Inc" -I"C:/Users/Gebruiker/Desktop/Embedded_systems/workspace/blinky_eigen/Drivers/STM32F7xx_HAL_Driver/Inc" -I"C:/Users/Gebruiker/Desktop/Embedded_systems/workspace/blinky_eigen/Drivers/STM32F7xx_HAL_Driver/Inc/Legacy" -I"C:/Users/Gebruiker/Desktop/Embedded_systems/workspace/blinky_eigen/Drivers/CMSIS/Include" -I"C:/Users/Gebruiker/Desktop/Embedded_systems/workspace/blinky_eigen/Drivers/CMSIS/Device/ST/STM32F7xx/Include" -I"C:/Users/Gebruiker/Desktop/Embedded_systems/workspace/blinky_eigen/Inc"  -Os -g3 -Wall -fmessage-length=0 -ffunction-sections -c -fmessage-length=0 -MMD -MP -MF"Drivers/STM32F7xx_HAL_Driver/Src/stm32f7xx_hal_pwr.d" -MT"Drivers/STM32F7xx_HAL_Driver/Src/stm32f7xx_hal_pwr.o" -o "Drivers/STM32F7xx_HAL_Driver/Src/stm32f7xx_hal_pwr.o" "../Drivers/STM32F7xx_HAL_Driver/Src/stm32f7xx_hal_pwr.c"
'Finished building: ../Drivers/STM32F7xx_HAL_Driver/Src/stm32f7xx_hal_pwr.c'
' '
'Building file: ../Drivers/STM32F7xx_HAL_Driver/Src/stm32f7xx_hal_pwr_ex.c'
'Invoking: MCU GCC Compiler'
C:\Users\Gebruiker\Desktop\Embedded_systems\workspace\blinky_eigen\Debug
arm-none-eabi-gcc -mcpu=cortex-m7 -mthumb -mfloat-abi=hard -mfpu=fpv5-sp-d16 -D__weak="__attribute__((weak))" -D__packed="__attribute__((__packed__))" -DUSE_HAL_DRIVER -DSTM32F746xx -I"C:/Users/Gebruiker/Desktop/Embedded_systems/workspace/blinky_eigen/Inc" -I"C:/Users/Gebruiker/Desktop/Embedded_systems/workspace/blinky_eigen/Drivers/STM32F7xx_HAL_Driver/Inc" -I"C:/Users/Gebruiker/Desktop/Embedded_systems/workspace/blinky_eigen/Drivers/STM32F7xx_HAL_Driver/Inc/Legacy" -I"C:/Users/Gebruiker/Desktop/Embedded_systems/workspace/blinky_eigen/Drivers/CMSIS/Include" -I"C:/Users/Gebruiker/Desktop/Embedded_systems/workspace/blinky_eigen/Drivers/CMSIS/Device/ST/STM32F7xx/Include" -I"C:/Users/Gebruiker/Desktop/Embedded_systems/workspace/blinky_eigen/Inc"  -Os -g3 -Wall -fmessage-length=0 -ffunction-sections -c -fmessage-length=0 -MMD -MP -MF"Drivers/STM32F7xx_HAL_Driver/Src/stm32f7xx_hal_pwr_ex.d" -MT"Drivers/STM32F7xx_HAL_Driver/Src/stm32f7xx_hal_pwr_ex.o" -o "Drivers/STM32F7xx_HAL_Driver/Src/stm32f7xx_hal_pwr_ex.o" "../Drivers/STM32F7xx_HAL_Driver/Src/stm32f7xx_hal_pwr_ex.c"
'Finished building: ../Drivers/STM32F7xx_HAL_Driver/Src/stm32f7xx_hal_pwr_ex.c'
' '
'Building file: ../Drivers/STM32F7xx_HAL_Driver/Src/stm32f7xx_hal_rcc.c'
'Invoking: MCU GCC Compiler'
C:\Users\Gebruiker\Desktop\Embedded_systems\workspace\blinky_eigen\Debug
arm-none-eabi-gcc -mcpu=cortex-m7 -mthumb -mfloat-abi=hard -mfpu=fpv5-sp-d16 -D__weak="__attribute__((weak))" -D__packed="__attribute__((__packed__))" -DUSE_HAL_DRIVER -DSTM32F746xx -I"C:/Users/Gebruiker/Desktop/Embedded_systems/workspace/blinky_eigen/Inc" -I"C:/Users/Gebruiker/Desktop/Embedded_systems/workspace/blinky_eigen/Drivers/STM32F7xx_HAL_Driver/Inc" -I"C:/Users/Gebruiker/Desktop/Embedded_systems/workspace/blinky_eigen/Drivers/STM32F7xx_HAL_Driver/Inc/Legacy" -I"C:/Users/Gebruiker/Desktop/Embedded_systems/workspace/blinky_eigen/Drivers/CMSIS/Include" -I"C:/Users/Gebruiker/Desktop/Embedded_systems/workspace/blinky_eigen/Drivers/CMSIS/Device/ST/STM32F7xx/Include" -I"C:/Users/Gebruiker/Desktop/Embedded_systems/workspace/blinky_eigen/Inc"  -Os -g3 -Wall -fmessage-length=0 -ffunction-sections -c -fmessage-length=0 -MMD -MP -MF"Drivers/STM32F7xx_HAL_Driver/Src/stm32f7xx_hal_rcc.d" -MT"Drivers/STM32F7xx_HAL_Driver/Src/stm32f7xx_hal_rcc.o" -o "Drivers/STM32F7xx_HAL_Driver/Src/stm32f7xx_hal_rcc.o" "../Drivers/STM32F7xx_HAL_Driver/Src/stm32f7xx_hal_rcc.c"
'Finished building: ../Drivers/STM32F7xx_HAL_Driver/Src/stm32f7xx_hal_rcc.c'
' '
'Building file: ../Drivers/STM32F7xx_HAL_Driver/Src/stm32f7xx_hal_rcc_ex.c'
'Invoking: MCU GCC Compiler'
C:\Users\Gebruiker\Desktop\Embedded_systems\workspace\blinky_eigen\Debug
arm-none-eabi-gcc -mcpu=cortex-m7 -mthumb -mfloat-abi=hard -mfpu=fpv5-sp-d16 -D__weak="__attribute__((weak))" -D__packed="__attribute__((__packed__))" -DUSE_HAL_DRIVER -DSTM32F746xx -I"C:/Users/Gebruiker/Desktop/Embedded_systems/workspace/blinky_eigen/Inc" -I"C:/Users/Gebruiker/Desktop/Embedded_systems/workspace/blinky_eigen/Drivers/STM32F7xx_HAL_Driver/Inc" -I"C:/Users/Gebruiker/Desktop/Embedded_systems/workspace/blinky_eigen/Drivers/STM32F7xx_HAL_Driver/Inc/Legacy" -I"C:/Users/Gebruiker/Desktop/Embedded_systems/workspace/blinky_eigen/Drivers/CMSIS/Include" -I"C:/Users/Gebruiker/Desktop/Embedded_systems/workspace/blinky_eigen/Drivers/CMSIS/Device/ST/STM32F7xx/Include" -I"C:/Users/Gebruiker/Desktop/Embedded_systems/workspace/blinky_eigen/Inc"  -Os -g3 -Wall -fmessage-length=0 -ffunction-sections -c -fmessage-length=0 -MMD -MP -MF"Drivers/STM32F7xx_HAL_Driver/Src/stm32f7xx_hal_rcc_ex.d" -MT"Drivers/STM32F7xx_HAL_Driver/Src/stm32f7xx_hal_rcc_ex.o" -o "Drivers/STM32F7xx_HAL_Driver/Src/stm32f7xx_hal_rcc_ex.o" "../Drivers/STM32F7xx_HAL_Driver/Src/stm32f7xx_hal_rcc_ex.c"
'Finished building: ../Drivers/STM32F7xx_HAL_Driver/Src/stm32f7xx_hal_rcc_ex.c'
' '
'Building file: ../Drivers/STM32F7xx_HAL_Driver/Src/stm32f7xx_hal_tim.c'
'Invoking: MCU GCC Compiler'
C:\Users\Gebruiker\Desktop\Embedded_systems\workspace\blinky_eigen\Debug
arm-none-eabi-gcc -mcpu=cortex-m7 -mthumb -mfloat-abi=hard -mfpu=fpv5-sp-d16 -D__weak="__attribute__((weak))" -D__packed="__attribute__((__packed__))" -DUSE_HAL_DRIVER -DSTM32F746xx -I"C:/Users/Gebruiker/Desktop/Embedded_systems/workspace/blinky_eigen/Inc" -I"C:/Users/Gebruiker/Desktop/Embedded_systems/workspace/blinky_eigen/Drivers/STM32F7xx_HAL_Driver/Inc" -I"C:/Users/Gebruiker/Desktop/Embedded_systems/workspace/blinky_eigen/Drivers/STM32F7xx_HAL_Driver/Inc/Legacy" -I"C:/Users/Gebruiker/Desktop/Embedded_systems/workspace/blinky_eigen/Drivers/CMSIS/Include" -I"C:/Users/Gebruiker/Desktop/Embedded_systems/workspace/blinky_eigen/Drivers/CMSIS/Device/ST/STM32F7xx/Include" -I"C:/Users/Gebruiker/Desktop/Embedded_systems/workspace/blinky_eigen/Inc"  -Os -g3 -Wall -fmessage-length=0 -ffunction-sections -c -fmessage-length=0 -MMD -MP -MF"Drivers/STM32F7xx_HAL_Driver/Src/stm32f7xx_hal_tim.d" -MT"Drivers/STM32F7xx_HAL_Driver/Src/stm32f7xx_hal_tim.o" -o "Drivers/STM32F7xx_HAL_Driver/Src/stm32f7xx_hal_tim.o" "../Drivers/STM32F7xx_HAL_Driver/Src/stm32f7xx_hal_tim.c"
'Finished building: ../Drivers/STM32F7xx_HAL_Driver/Src/stm32f7xx_hal_tim.c'
' '
'Building file: ../Drivers/STM32F7xx_HAL_Driver/Src/stm32f7xx_hal_tim_ex.c'
'Invoking: MCU GCC Compiler'
C:\Users\Gebruiker\Desktop\Embedded_systems\workspace\blinky_eigen\Debug
arm-none-eabi-gcc -mcpu=cortex-m7 -mthumb -mfloat-abi=hard -mfpu=fpv5-sp-d16 -D__weak="__attribute__((weak))" -D__packed="__attribute__((__packed__))" -DUSE_HAL_DRIVER -DSTM32F746xx -I"C:/Users/Gebruiker/Desktop/Embedded_systems/workspace/blinky_eigen/Inc" -I"C:/Users/Gebruiker/Desktop/Embedded_systems/workspace/blinky_eigen/Drivers/STM32F7xx_HAL_Driver/Inc" -I"C:/Users/Gebruiker/Desktop/Embedded_systems/workspace/blinky_eigen/Drivers/STM32F7xx_HAL_Driver/Inc/Legacy" -I"C:/Users/Gebruiker/Desktop/Embedded_systems/workspace/blinky_eigen/Drivers/CMSIS/Include" -I"C:/Users/Gebruiker/Desktop/Embedded_systems/workspace/blinky_eigen/Drivers/CMSIS/Device/ST/STM32F7xx/Include" -I"C:/Users/Gebruiker/Desktop/Embedded_systems/workspace/blinky_eigen/Inc"  -Os -g3 -Wall -fmessage-length=0 -ffunction-sections -c -fmessage-length=0 -MMD -MP -MF"Drivers/STM32F7xx_HAL_Driver/Src/stm32f7xx_hal_tim_ex.d" -MT"Drivers/STM32F7xx_HAL_Driver/Src/stm32f7xx_hal_tim_ex.o" -o "Drivers/STM32F7xx_HAL_Driver/Src/stm32f7xx_hal_tim_ex.o" "../Drivers/STM32F7xx_HAL_Driver/Src/stm32f7xx_hal_tim_ex.c"
'Finished building: ../Drivers/STM32F7xx_HAL_Driver/Src/stm32f7xx_hal_tim_ex.c'
' '
'Building file: ../Drivers/CMSIS/Device/ST/STM32F7xx/Source/Templates/system_stm32f7xx.c'
'Invoking: MCU GCC Compiler'
C:\Users\Gebruiker\Desktop\Embedded_systems\workspace\blinky_eigen\Debug
arm-none-eabi-gcc -mcpu=cortex-m7 -mthumb -mfloat-abi=hard -mfpu=fpv5-sp-d16 -D__weak="__attribute__((weak))" -D__packed="__attribute__((__packed__))" -DUSE_HAL_DRIVER -DSTM32F746xx -I"C:/Users/Gebruiker/Desktop/Embedded_systems/workspace/blinky_eigen/Inc" -I"C:/Users/Gebruiker/Desktop/Embedded_systems/workspace/blinky_eigen/Drivers/STM32F7xx_HAL_Driver/Inc" -I"C:/Users/Gebruiker/Desktop/Embedded_systems/workspace/blinky_eigen/Drivers/STM32F7xx_HAL_Driver/Inc/Legacy" -I"C:/Users/Gebruiker/Desktop/Embedded_systems/workspace/blinky_eigen/Drivers/CMSIS/Include" -I"C:/Users/Gebruiker/Desktop/Embedded_systems/workspace/blinky_eigen/Drivers/CMSIS/Device/ST/STM32F7xx/Include" -I"C:/Users/Gebruiker/Desktop/Embedded_systems/workspace/blinky_eigen/Inc"  -Os -g3 -Wall -fmessage-length=0 -ffunction-sections -c -fmessage-length=0 -MMD -MP -MF"Drivers/CMSIS/Device/ST/STM32F7xx/Source/Templates/system_stm32f7xx.d" -MT"Drivers/CMSIS/Device/ST/STM32F7xx/Source/Templates/system_stm32f7xx.o" -o "Drivers/CMSIS/Device/ST/STM32F7xx/Source/Templates/system_stm32f7xx.o" "../Drivers/CMSIS/Device/ST/STM32F7xx/Source/Templates/system_stm32f7xx.c"
'Finished building: ../Drivers/CMSIS/Device/ST/STM32F7xx/Source/Templates/system_stm32f7xx.c'
' '
'Building target: blinky_eigen.elf'
'Invoking: MCU GCC Linker'
arm-none-eabi-gcc -mcpu=cortex-m7 -mthumb -mfloat-abi=hard -mfpu=fpv5-sp-d16 -specs=nosys.specs -specs=nano.specs -T"../STM32F746NGHx_FLASH.ld" -Wl,-Map=output.map -Wl,--gc-sections -lm -o "blinky_eigen.elf" @"objects.list"  
'Finished building target: blinky_eigen.elf'
' '
make --no-print-directory post-build
'Generating binary and Printing size information:'
arm-none-eabi-objcopy -O binary "blinky_eigen.elf" "blinky_eigen.bin"
arm-none-eabi-size "blinky_eigen.elf"
   text	   data	    bss	    dec	    hex	filename
   3368	     12	   1572	   4952	   1358	blinky_eigen.elf
' '

15:56:35 Build Finished (took 11s.315ms)

