19:18:13 **** Incremental Build of configuration Debug for project Interrupt_touch ****
make all 
'Building file: ../Src/main.c'
'Invoking: MCU GCC Compiler'
C:\Users\Gebruiker\Desktop\Embedded_systems\workspace\Interrupt_touch\Debug
arm-none-eabi-gcc -mcpu=cortex-m7 -mthumb -mfloat-abi=hard -mfpu=fpv5-sp-d16 -D__weak="__attribute__((weak))" -D__packed="__attribute__((__packed__))" -DUSE_HAL_DRIVER -DSTM32F746xx -I"C:/Users/Gebruiker/Desktop/Embedded_systems/workspace/Interrupt_touch/Inc" -I"C:/Users/Gebruiker/Desktop/Embedded_systems/workspace/Interrupt_touch/Drivers/STM32F7xx_HAL_Driver/Inc" -I"C:/Users/Gebruiker/Desktop/Embedded_systems/workspace/Interrupt_touch/Drivers/STM32F7xx_HAL_Driver/Inc/Legacy" -I"C:/Users/Gebruiker/Desktop/Embedded_systems/workspace/Interrupt_touch/Drivers/CMSIS/Include" -I"C:/Users/Gebruiker/Desktop/Embedded_systems/workspace/Interrupt_touch/Drivers/CMSIS/Device/ST/STM32F7xx/Include" -I"C:/Users/Gebruiker/Desktop/Embedded_systems/workspace/Interrupt_touch/Drivers/BSP" -I"C:/Users/Gebruiker/Desktop/Embedded_systems/workspace/Interrupt_touch/Drivers/BSP/inc" -I"C:/Users/Gebruiker/Desktop/Embedded_systems/workspace/Interrupt_touch/Drivers/BSP/src" -I"C:/Users/Gebruiker/Desktop/Embedded_systems/workspace/Interrupt_touch/Drivers/Common" -I"C:/Users/Gebruiker/Desktop/Embedded_systems/workspace/Interrupt_touch/Drivers/Components" -I"C:/Users/Gebruiker/Desktop/Embedded_systems/workspace/Interrupt_touch/Drivers/Components/ft5336" -I"C:/Users/Gebruiker/Desktop/Embedded_systems/workspace/Interrupt_touch/Drivers/Components/rk043fn48h" -I"C:/Users/Gebruiker/Desktop/Embedded_systems/workspace/Interrupt_touch/Drivers/Utilities" -I"C:/Users/Gebruiker/Desktop/Embedded_systems/workspace/Interrupt_touch/Drivers/Utilities/Fonts"  -Os -g3 -Wall -fmessage-length=0 -ffunction-sections -c -fmessage-length=0 -MMD -MP -MF"Src/main.d" -MT"Src/main.o" -o "Src/main.o" "../Src/main.c"
'Finished building: ../Src/main.c'
' '
'Building target: Interrupt_touch.elf'
'Invoking: MCU GCC Linker'
arm-none-eabi-gcc -mcpu=cortex-m7 -mthumb -mfloat-abi=hard -mfpu=fpv5-sp-d16 -specs=nosys.specs -specs=nano.specs -T"../STM32F746NGHx_FLASH.ld" -Wl,-Map=output.map -Wl,--gc-sections -lm -o "Interrupt_touch.elf" @"objects.list"  
'Finished building target: Interrupt_touch.elf'
' '
make --no-print-directory post-build
'Generating binary and Printing size information:'
arm-none-eabi-objcopy -O binary "Interrupt_touch.elf" "Interrupt_touch.bin"
arm-none-eabi-size "Interrupt_touch.elf"
   text	   data	    bss	    dec	    hex	filename
  32964	     72	   4040	  37076	   90d4	Interrupt_touch.elf
' '
19:18:20 **** Incremental Build of configuration Debug for project Interrupt_touch ****
make all 
make: Nothing to be done for `all'.
