
Discarded input sections

 .text          0x00000000        0x0 ..\obj\semihosting.o
 .data          0x00000000        0x0 ..\obj\semihosting.o
 .text.SH_SendString
                0x00000000       0x24 ..\obj\semihosting.o
 .text          0x00000000        0x0 ..\obj\main.o
 .data          0x00000000        0x0 ..\obj\main.o
 .bss           0x00000000        0x0 ..\obj\main.o
 .text          0x00000000        0x0 ..\obj\sysctl.o
 .data          0x00000000        0x0 ..\obj\sysctl.o
 .bss           0x00000000        0x0 ..\obj\sysctl.o
 .rodata        0x00000000       0x9c ..\obj\sysctl.o
 .text.SysCtlSRAMSizeGet
                0x00000000       0x20 ..\obj\sysctl.o
 .text.SysCtlFlashSizeGet
                0x00000000       0x20 ..\obj\sysctl.o
 .text.SysCtlPinPresent
                0x00000000       0x2c ..\obj\sysctl.o
 .text.SysCtlPeripheralPresent
                0x00000000       0x64 ..\obj\sysctl.o
 .text.SysCtlPeripheralReset
                0x00000000       0x80 ..\obj\sysctl.o
 .text.SysCtlPeripheralEnable
                0x00000000       0x40 ..\obj\sysctl.o
 .text.SysCtlPeripheralDisable
                0x00000000       0x44 ..\obj\sysctl.o
 .text.SysCtlPeripheralSleepEnable
                0x00000000       0x40 ..\obj\sysctl.o
 .text.SysCtlPeripheralSleepDisable
                0x00000000       0x44 ..\obj\sysctl.o
 .text.SysCtlPeripheralDeepSleepEnable
                0x00000000       0x40 ..\obj\sysctl.o
 .text.SysCtlPeripheralDeepSleepDisable
                0x00000000       0x44 ..\obj\sysctl.o
 .text.SysCtlPeripheralClockGating
                0x00000000       0x38 ..\obj\sysctl.o
 .text.SysCtlIntRegister
                0x00000000       0x1c ..\obj\sysctl.o
 .text.SysCtlIntUnregister
                0x00000000       0x14 ..\obj\sysctl.o
 .text.SysCtlIntEnable
                0x00000000       0x24 ..\obj\sysctl.o
 .text.SysCtlIntDisable
                0x00000000       0x24 ..\obj\sysctl.o
 .text.SysCtlIntClear
                0x00000000       0x1c ..\obj\sysctl.o
 .text.SysCtlIntStatus
                0x00000000       0x30 ..\obj\sysctl.o
 .text.SysCtlLDOSet
                0x00000000       0x1c ..\obj\sysctl.o
 .text.SysCtlLDOGet
                0x00000000       0x18 ..\obj\sysctl.o
 .text.SysCtlLDOConfigSet
                0x00000000       0x1c ..\obj\sysctl.o
 .text.SysCtlReset
                0x00000000       0x14 ..\obj\sysctl.o
 .text.SysCtlSleep
                0x00000000        0xc ..\obj\sysctl.o
 .text.SysCtlDeepSleep
                0x00000000       0x28 ..\obj\sysctl.o
 .text.SysCtlResetCauseGet
                0x00000000       0x18 ..\obj\sysctl.o
 .text.SysCtlResetCauseClear
                0x00000000       0x24 ..\obj\sysctl.o
 .text.SysCtlBrownOutConfigSet
                0x00000000       0x24 ..\obj\sysctl.o
 .text.SysCtlMOSCConfigSet
                0x00000000       0x1c ..\obj\sysctl.o
 .text.SysCtlPIOSCCalibrate
                0x00000000       0x74 ..\obj\sysctl.o
 .text.SysCtlClockSet
                0x00000000      0x210 ..\obj\sysctl.o
 .text.SysCtlClockGet
                0x00000000      0x298 ..\obj\sysctl.o
 .text.SysCtlDeepSleepClockSet
                0x00000000       0x1c ..\obj\sysctl.o
 .text.SysCtlPWMClockSet
                0x00000000       0x28 ..\obj\sysctl.o
 .text.SysCtlPWMClockGet
                0x00000000       0x2c ..\obj\sysctl.o
 .text.SysCtlADCSpeedSet
                0x00000000       0x3c ..\obj\sysctl.o
 .text.SysCtlADCSpeedGet
                0x00000000       0x1c ..\obj\sysctl.o
 .text.SysCtlIOSCVerificationSet
                0x00000000       0x38 ..\obj\sysctl.o
 .text.SysCtlMOSCVerificationSet
                0x00000000       0x38 ..\obj\sysctl.o
 .text.SysCtlPLLVerificationSet
                0x00000000       0x38 ..\obj\sysctl.o
 .text.SysCtlClkVerificationClear
                0x00000000       0x1c ..\obj\sysctl.o
 .text.SysCtlGPIOAHBEnable
                0x00000000       0x24 ..\obj\sysctl.o
 .text.SysCtlGPIOAHBDisable
                0x00000000       0x28 ..\obj\sysctl.o
 .text.SysCtlUSBPLLEnable
                0x00000000       0x1c ..\obj\sysctl.o
 .text.SysCtlUSBPLLDisable
                0x00000000       0x1c ..\obj\sysctl.o
 .text.SysCtlI2SMClkSet
                0x00000000      0x168 ..\obj\sysctl.o
 .debug_info    0x00000000      0x78e ..\obj\sysctl.o
 .debug_abbrev  0x00000000      0x13b ..\obj\sysctl.o
 .debug_aranges
                0x00000000      0x180 ..\obj\sysctl.o
 .debug_ranges  0x00000000      0x170 ..\obj\sysctl.o
 .debug_line    0x00000000      0x59a ..\obj\sysctl.o
 .debug_str     0x00000000      0x59a ..\obj\sysctl.o
 .comment       0x00000000       0x71 ..\obj\sysctl.o
 .ARM.attributes
                0x00000000       0x33 ..\obj\sysctl.o
 .debug_frame   0x00000000      0x4dc ..\obj\sysctl.o
 .text          0x00000000        0x0 ..\obj\printf.o
 .bss           0x00000000        0x0 ..\obj\printf.o
 .text.snprintf
                0x00000000       0x30 ..\obj\printf.o
 .text.fprintf  0x00000000       0x2c ..\obj\printf.o
 .text.sprintf  0x00000000       0x2c ..\obj\printf.o
 .text.puts     0x00000000       0x24 ..\obj\printf.o
 .text          0x00000000        0x0 ..\obj\gpio.o
 .data          0x00000000        0x0 ..\obj\gpio.o
 .bss           0x00000000        0x0 ..\obj\gpio.o
 .rodata        0x00000000       0x48 ..\obj\gpio.o
 .text.GPIOGetIntNumber
                0x00000000      0x138 ..\obj\gpio.o
 .text.GPIODirModeSet
                0x00000000       0x78 ..\obj\gpio.o
 .text.GPIODirModeGet
                0x00000000       0x5c ..\obj\gpio.o
 .text.GPIOIntTypeSet
                0x00000000       0xa8 ..\obj\gpio.o
 .text.GPIOIntTypeGet
                0x00000000       0x78 ..\obj\gpio.o
 .text.GPIOPadConfigSet
                0x00000000      0x1c8 ..\obj\gpio.o
 .text.GPIOPadConfigGet
                0x00000000      0x110 ..\obj\gpio.o
 .text.GPIOPinIntEnable
                0x00000000       0x2c ..\obj\gpio.o
 .text.GPIOPinIntDisable
                0x00000000       0x2c ..\obj\gpio.o
 .text.GPIOPinIntStatus
                0x00000000       0x30 ..\obj\gpio.o
 .text.GPIOPinIntClear
                0x00000000       0x20 ..\obj\gpio.o
 .text.GPIOPortIntRegister
                0x00000000       0x28 ..\obj\gpio.o
 .text.GPIOPortIntUnregister
                0x00000000       0x24 ..\obj\gpio.o
 .text.GPIOPinRead
                0x00000000       0x24 ..\obj\gpio.o
 .text.GPIOPinWrite
                0x00000000       0x28 ..\obj\gpio.o
 .text.GPIOPinTypeADC
                0x00000000       0x2c ..\obj\gpio.o
 .text.GPIOPinTypeCAN
                0x00000000       0x2c ..\obj\gpio.o
 .text.GPIOPinTypeComparator
                0x00000000       0x2c ..\obj\gpio.o
 .text.GPIOPinTypeEPI
                0x00000000       0x2c ..\obj\gpio.o
 .text.GPIOPinTypeEthernetLED
                0x00000000       0x2c ..\obj\gpio.o
 .text.GPIOPinTypeGPIOInput
                0x00000000       0x2c ..\obj\gpio.o
 .text.GPIOPinTypeGPIOOutput
                0x00000000       0x2c ..\obj\gpio.o
 .text.GPIOPinTypeGPIOOutputOD
                0x00000000       0x2c ..\obj\gpio.o
 .text.GPIOPinTypeI2C
                0x00000000       0x2c ..\obj\gpio.o
 .text.GPIOPinTypeI2S
                0x00000000       0x2c ..\obj\gpio.o
 .text.GPIOPinTypePWM
                0x00000000       0x2c ..\obj\gpio.o
 .text.GPIOPinTypeQEI
                0x00000000       0x2c ..\obj\gpio.o
 .text.GPIOPinTypeSSI
                0x00000000       0x2c ..\obj\gpio.o
 .text.GPIOPinTypeTimer
                0x00000000       0x2c ..\obj\gpio.o
 .text.GPIOPinTypeUART
                0x00000000       0x2c ..\obj\gpio.o
 .text.GPIOPinTypeUSBAnalog
                0x00000000       0x2c ..\obj\gpio.o
 .text.GPIOPinTypeUSBDigital
                0x00000000       0x2c ..\obj\gpio.o
 .text.GPIOPinConfigure
                0x00000000       0x84 ..\obj\gpio.o
 .debug_info    0x00000000      0x855 ..\obj\gpio.o
 .debug_abbrev  0x00000000      0x113 ..\obj\gpio.o
 .debug_aranges
                0x00000000      0x120 ..\obj\gpio.o
 .debug_ranges  0x00000000      0x110 ..\obj\gpio.o
 .debug_line    0x00000000      0x583 ..\obj\gpio.o
 .debug_str     0x00000000      0x42c ..\obj\gpio.o
 .comment       0x00000000       0x71 ..\obj\gpio.o
 .ARM.attributes
                0x00000000       0x33 ..\obj\gpio.o
 .debug_frame   0x00000000      0x3f8 ..\obj\gpio.o
 .text          0x00000000        0x0 ..\obj\interrupt.o
 .data          0x00000000        0x0 ..\obj\interrupt.o
 .bss           0x00000000        0x0 ..\obj\interrupt.o
 .rodata        0x00000000       0x68 ..\obj\interrupt.o
 .text.IntDefaultHandler
                0x00000000        0x8 ..\obj\interrupt.o
 vtable         0x00000000      0x400 ..\obj\interrupt.o
 .text.IntMasterEnable
                0x00000000       0x10 ..\obj\interrupt.o
 .text.IntMasterDisable
                0x00000000       0x10 ..\obj\interrupt.o
 .text.IntRegister
                0x00000000       0x64 ..\obj\interrupt.o
 .text.IntUnregister
                0x00000000       0x24 ..\obj\interrupt.o
 .text.IntPriorityGroupingSet
                0x00000000       0x30 ..\obj\interrupt.o
 .text.IntPriorityGroupingGet
                0x00000000       0x48 ..\obj\interrupt.o
 .text.IntPrioritySet
                0x00000000       0x60 ..\obj\interrupt.o
 .text.IntPriorityGet
                0x00000000       0x34 ..\obj\interrupt.o
 .text.IntEnable
                0x00000000       0xa4 ..\obj\interrupt.o
 .text.IntDisable
                0x00000000       0xa4 ..\obj\interrupt.o
 .text.IntPendSet
                0x00000000       0x8c ..\obj\interrupt.o
 .text.IntPendClear
                0x00000000       0x78 ..\obj\interrupt.o
 .text.IntPriorityMaskSet
                0x00000000       0x14 ..\obj\interrupt.o
 .text.IntPriorityMaskGet
                0x00000000       0x10 ..\obj\interrupt.o
 .debug_info    0x00000000      0x30b ..\obj\interrupt.o
 .debug_abbrev  0x00000000      0x143 ..\obj\interrupt.o
 .debug_aranges
                0x00000000       0x90 ..\obj\interrupt.o
 .debug_ranges  0x00000000       0x80 ..\obj\interrupt.o
 .debug_line    0x00000000      0x24d ..\obj\interrupt.o
 .debug_str     0x00000000      0x270 ..\obj\interrupt.o
 .comment       0x00000000       0x71 ..\obj\interrupt.o
 .ARM.attributes
                0x00000000       0x33 ..\obj\interrupt.o
 .debug_frame   0x00000000      0x1b4 ..\obj\interrupt.o
 .text          0x00000000        0x0 ..\obj\startup_lm3s.o
 .data          0x00000000        0x0 ..\obj\startup_lm3s.o
 .bss           0x00000000        0x0 ..\obj\startup_lm3s.o
 .data          0x00000000        0x0 ..\obj\sh_cmd.o
 .bss           0x00000000        0x0 ..\obj\sh_cmd.o
 .text          0x00000000        0x0 ..\obj\syscalls.o
 .data          0x00000000        0x0 ..\obj\syscalls.o
 .bss           0x00000000        0x4 ..\obj\syscalls.o
 .text._sbrk    0x00000000       0x40 ..\obj\syscalls.o
 .text.link     0x00000000       0x1c ..\obj\syscalls.o
 .text._close   0x00000000       0x18 ..\obj\syscalls.o
 .text._fstat   0x00000000       0x20 ..\obj\syscalls.o
 .text._isatty  0x00000000       0x18 ..\obj\syscalls.o
 .text._lseek   0x00000000       0x1c ..\obj\syscalls.o
 .text._read    0x00000000       0x1c ..\obj\syscalls.o
 .text._write   0x00000000       0x1c ..\obj\syscalls.o
 .text.abort    0x00000000        0x8 ..\obj\syscalls.o
 .debug_info    0x00000000      0x3ee ..\obj\syscalls.o
 .debug_abbrev  0x00000000       0xe2 ..\obj\syscalls.o
 .debug_aranges
                0x00000000       0x60 ..\obj\syscalls.o
 .debug_ranges  0x00000000       0x50 ..\obj\syscalls.o
 .debug_line    0x00000000      0x183 ..\obj\syscalls.o
 .debug_str     0x00000000      0x2ec ..\obj\syscalls.o
 .comment       0x00000000       0x71 ..\obj\syscalls.o
 .ARM.attributes
                0x00000000       0x33 ..\obj\syscalls.o
 .debug_frame   0x00000000      0x108 ..\obj\syscalls.o
 .text          0x00000000        0x0 ..\obj\cpu.o
 .data          0x00000000        0x0 ..\obj\cpu.o
 .bss           0x00000000        0x0 ..\obj\cpu.o
 .debug_line    0x00000000        0x0 ..\obj\cpu.o
 .debug_str     0x00000000        0x0 ..\obj\cpu.o
 .comment       0x00000000       0x71 ..\obj\cpu.o
 .ARM.attributes
                0x00000000       0x33 ..\obj\cpu.o

Memory Configuration

Name             Origin             Length             Attributes
rom              0x00000000         0x00040000         xr
ram              0x20000000         0x00010000         xrw
*default*        0x00000000         0xffffffff

Linker script and memory map

                0x20010000                _eram = 0x20010000

.text           0x00000000      0x988
 *(.isr_vector)
 .isr_vector    0x00000000      0x100 ..\obj\startup_lm3s.o
                0x00000000                g_pfnVectors
 *(.text*)
 .text.SH_SendChar
                0x00000100       0x64 ..\obj\semihosting.o
                0x00000100                SH_SendChar
 .text.SH_GetChar
                0x00000164       0x40 ..\obj\semihosting.o
                0x00000164                SH_GetChar
 .text.leesNString
                0x000001a4       0x6c ..\obj\main.o
                0x000001a4                leesNString
 .text.main     0x00000210       0x24 ..\obj\main.o
                0x00000210                main
 .text.PrintChar
                0x00000234       0x18 ..\obj\printf.o
                0x00000234                PrintChar
 .text.PutChar  0x0000024c       0x20 ..\obj\printf.o
                0x0000024c                PutChar
 .text.PutString
                0x0000026c       0x3c ..\obj\printf.o
                0x0000026c                PutString
 .text.PutUnsignedInt
                0x000002a8       0xa0 ..\obj\printf.o
                0x000002a8                PutUnsignedInt
 .text.PutSignedInt
                0x00000348       0xfc ..\obj\printf.o
                0x00000348                PutSignedInt
 .text.PutHexa  0x00000444       0xd4 ..\obj\printf.o
                0x00000444                PutHexa
 .text.vsnprintf
                0x00000518      0x254 ..\obj\printf.o
                0x00000518                vsnprintf
 .text.vsprintf
                0x0000076c       0x24 ..\obj\printf.o
                0x0000076c                vsprintf
 .text.vfprintf
                0x00000790       0x68 ..\obj\printf.o
                0x00000790                vfprintf
 .text.vprintf  0x000007f8       0x28 ..\obj\printf.o
                0x000007f8                vprintf
 .text.printf   0x00000820       0x28 ..\obj\printf.o
                0x00000820                printf
 .text.fputc    0x00000848       0x40 ..\obj\printf.o
                0x00000848                fputc
 .text.fputs    0x00000888       0x48 ..\obj\printf.o
                0x00000888                fputs
 .text.Default_Reset_Handler
                0x000008d0       0x5c ..\obj\startup_lm3s.o
                0x000008d0                Default_Reset_Handler
                0x000008d0                Reset_Handler
 .text.Default_Handler
                0x0000092c        0x8 ..\obj\startup_lm3s.o
                0x0000092c                DebugMon_Handler
                0x0000092c                FlashCtrl_IRQHandler
                0x0000092c                Timer0B_IRQHandler
                0x0000092c                I2C0_IRQHandler
                0x0000092c                SysTick_Handler
                0x0000092c                PendSV_Handler
                0x0000092c                NMI_Handler
                0x0000092c                I2C1_IRQHandler
                0x0000092c                PWMGen0_IRQHandler
                0x0000092c                UART1_IRQHandler
                0x0000092c                CAN1_IRQHandler
                0x0000092c                Timer1B_IRQHandler
                0x0000092c                Watchdog_IRQHandler
                0x0000092c                UART0_IRQHandler
                0x0000092c                SSI0_IRQHandler
                0x0000092c                UsageFault_Handler
                0x0000092c                ADCSeq1_IRQHandler
                0x0000092c                PWMFault_IRQHandler
                0x0000092c                PWMGen1_IRQHandler
                0x0000092c                SSI1_IRQHandler
                0x0000092c                uDMA_IRQHandler
                0x0000092c                GPIOPortC_IRQHandler
                0x0000092c                ADCSeq2_IRQHandler
                0x0000092c                PWMGen2_IRQHandler
                0x0000092c                UART2_IRQHandler
                0x0000092c                uDMAErr_IRQHandler
                0x0000092c                QEI1_IRQHandler
                0x0000092c                QEI0_IRQHandler
                0x0000092c                PWMGen3_IRQHandler
                0x0000092c                GPIOPortD_IRQHandler
                0x0000092c                USB0_IRQHandler
                0x0000092c                MemManage_Handler
                0x0000092c                Ethernet_IRQHandler
                0x0000092c                SVC_Handler
                0x0000092c                Timer3B_IRQHandler
                0x0000092c                Timer3A_IRQHandler
                0x0000092c                GPIOPortA_IRQHandler
                0x0000092c                Timer0A_IRQHandler
                0x0000092c                ADCSeq0_IRQHandler
                0x0000092c                Timer1A_IRQHandler
                0x0000092c                GPIOPortG_IRQHandler
                0x0000092c                ADCSeq3_IRQHandler
                0x0000092c                GPIOPortE_IRQHandler
                0x0000092c                CAN0_IRQHandler
                0x0000092c                Comp0_IRQHandler
                0x0000092c                Comp1_IRQHandler
                0x0000092c                Comp2_IRQHandler
                0x0000092c                GPIOPortF_IRQHandler
                0x0000092c                GPIOPortB_IRQHandler
                0x0000092c                CAN2_IRQHandler
                0x0000092c                GPIOPortH_IRQHandler
                0x0000092c                BusFault_Handler
                0x0000092c                Timer2A_IRQHandler
                0x0000092c                Timer2B_IRQHandler
                0x0000092c                SysCtrl_IRQHandler
                0x0000092c                Hibernate_IRQHandler
 .text          0x00000934       0x30 ..\obj\sh_cmd.o
                0x00000934                SH_DoCommand
                0x0000094a                HardFault_Handler
 *(.init)
 *(.fini)
 *crtbegin.o(.ctors)
 *crtbegin?.o(.ctors)
 *(EXCLUDE_FILE(*crtend.o *crtend?.o) .ctors)
 *(SORT(.ctors.*))
 *(.ctors)
 *crtbegin.o(.dtors)
 *crtbegin?.o(.dtors)
 *(EXCLUDE_FILE(*crtend.o *crtend?.o) .dtors)
 *(SORT(.dtors.*))
 *(.dtors)
 *(.rodata*)
 .rodata        0x00000964       0x24 ..\obj\printf.o
 *(.eh_fram e*)

.glue_7         0x00000988        0x0
 .glue_7        0x00000000        0x0 linker stubs

.glue_7t        0x00000988        0x0
 .glue_7t       0x00000000        0x0 linker stubs

.vfp11_veneer   0x00000988        0x0
 .vfp11_veneer  0x00000000        0x0 linker stubs

.v4_bx          0x00000988        0x0
 .v4_bx         0x00000000        0x0 linker stubs

.iplt           0x00000988        0x0
 .iplt          0x00000000        0x0 ..\obj\semihosting.o

.rel.dyn        0x00000988        0x0
 .rel.iplt      0x00000000        0x0 ..\obj\semihosting.o

.ARM.extab
 *(.ARM.extab* .gnu.linkonce.armextab.*)
                0x00000988                __exidx_start = .

.ARM.exidx
 *(.ARM.exidx* .gnu.linkonce.armexidx.*)
                0x00000988                __exidx_end = .
                0x00000988                __etext = .
                0x00000988                _sidata = __etext

.data           0x20000000      0x430 load address 0x00000988
                0x20000000                __data_start__ = .
                0x20000000                _sdata = __data_start__
 *(vtable)
 *(.data*)
 .data          0x20000000      0x430 ..\obj\printf.o
                0x20000000                r
                0x20000428                _impure_ptr
                0x20000430                . = ALIGN (0x4)
                0x20000430                PROVIDE (__preinit_array_start, .)
 *(.preinit_array)
                0x20000430                PROVIDE (__preinit_array_end, .)
                0x20000430                . = ALIGN (0x4)
                0x20000430                PROVIDE (__init_array_start, .)
 *(SORT(.init_array.*))
 *(.init_array)
                0x20000430                PROVIDE (__init_array_end, .)
                0x20000430                . = ALIGN (0x4)
                0x20000430                PROVIDE (__fini_array_start, .)
 *(SORT(.fini_array.*))
 *(.fini_array)
                0x20000430                PROVIDE (__fini_array_end, .)
 *(.jcr*)
                0x20000430                . = ALIGN (0x4)
                0x20000430                __data_end__ = .
                0x20000430                _edata = __data_end__

.igot.plt       0x20000430        0x0 load address 0x00000db8
 .igot.plt      0x00000000        0x0 ..\obj\semihosting.o

.bss            0x20000430       0x14 load address 0x00000db8
                0x20000430                . = ALIGN (0x4)
                0x20000430                __bss_start__ = .
                0x20000430                _sbss = __bss_start__
 *(.bss*)
 .bss           0x20000430       0x14 ..\obj\semihosting.o
 *(COMMON)
                0x20000444                . = ALIGN (0x4)
                0x20000444                __bss_end__ = .
                0x20000444                _ebss = __bss_end__

.heap           0x20000444        0x0
                0x20000444                __end__ = .
                0x20000444                _end = __end__
                0x20000444                end = __end__
 *(.heap*)
                0x20000444                __HeapLimit = .

.co_stack       0x20000444      0x404 load address 0x00000dcc
                0x20000448                . = ALIGN (0x8)
 *fill*         0x20000444        0x4 
 *(.co_stack .co_stack.*)
 .co_stack      0x20000448      0x400 ..\obj\startup_lm3s.o
                0x20000448                pulStack
                0x20010000                __StackTop = (ORIGIN (ram) + 0x10000)
                0x2000fbfc                __StackLimit = (__StackTop - SIZEOF (.co_stack))
                0x20010000                PROVIDE (__stack, __StackTop)
                0x00000001                ASSERT ((__StackLimit >= __HeapLimit), region ram  overflowed with stack)
LOAD ..\obj\semihosting.o
LOAD ..\obj\main.o
LOAD ..\obj\sysctl.o
LOAD ..\obj\printf.o
LOAD ..\obj\gpio.o
LOAD ..\obj\interrupt.o
LOAD ..\obj\startup_lm3s.o
LOAD ..\obj\sh_cmd.o
LOAD ..\obj\syscalls.o
LOAD ..\obj\cpu.o
START GROUP
LOAD c:/program files (x86)/gnu tools arm embedded/4.8 2014q2/bin/../lib/gcc/arm-none-eabi/4.8.4/armv7-m\libgcc.a
LOAD c:/program files (x86)/gnu tools arm embedded/4.8 2014q2/bin/../lib/gcc/arm-none-eabi/4.8.4/../../../../arm-none-eabi/lib/armv7-m\libg.a
LOAD c:/program files (x86)/gnu tools arm embedded/4.8 2014q2/bin/../lib/gcc/arm-none-eabi/4.8.4/../../../../arm-none-eabi/lib/armv7-m\libc.a
END GROUP
OUTPUT(labo_4_uart.elf elf32-littlearm)

.debug_info     0x00000000     0x121e
 .debug_info    0x00000000      0x12b ..\obj\semihosting.o
 .debug_info    0x0000012b      0x119 ..\obj\main.o
 .debug_info    0x00000244      0xe38 ..\obj\printf.o
 .debug_info    0x0000107c       0xe9 ..\obj\startup_lm3s.o
 .debug_info    0x00001165       0xb9 ..\obj\sh_cmd.o

.debug_abbrev   0x00000000      0x486
 .debug_abbrev  0x00000000       0xab ..\obj\semihosting.o
 .debug_abbrev  0x000000ab       0xa2 ..\obj\main.o
 .debug_abbrev  0x0000014d      0x27e ..\obj\printf.o
 .debug_abbrev  0x000003cb       0xa7 ..\obj\startup_lm3s.o
 .debug_abbrev  0x00000472       0x14 ..\obj\sh_cmd.o

.debug_aranges  0x00000000      0x140
 .debug_aranges
                0x00000000       0x30 ..\obj\semihosting.o
 .debug_aranges
                0x00000030       0x28 ..\obj\main.o
 .debug_aranges
                0x00000058       0xa0 ..\obj\printf.o
 .debug_aranges
                0x000000f8       0x28 ..\obj\startup_lm3s.o
 .debug_aranges
                0x00000120       0x20 ..\obj\sh_cmd.o

.debug_ranges   0x00000000       0xe0
 .debug_ranges  0x00000000       0x20 ..\obj\semihosting.o
 .debug_ranges  0x00000020       0x18 ..\obj\main.o
 .debug_ranges  0x00000038       0x90 ..\obj\printf.o
 .debug_ranges  0x000000c8       0x18 ..\obj\startup_lm3s.o

.debug_line     0x00000000      0x60f
 .debug_line    0x00000000       0xb6 ..\obj\semihosting.o
 .debug_line    0x000000b6       0x8c ..\obj\main.o
 .debug_line    0x00000142      0x3a4 ..\obj\printf.o
 .debug_line    0x000004e6       0x9c ..\obj\startup_lm3s.o
 .debug_line    0x00000582       0x8d ..\obj\sh_cmd.o

.debug_str      0x00000000      0x78d
 .debug_str     0x00000000      0x15c ..\obj\semihosting.o
                                0x195 (size before relaxing)
 .debug_str     0x0000015c       0xb3 ..\obj\main.o
                                0x1c1 (size before relaxing)
 .debug_str     0x0000020f      0x4d3 ..\obj\printf.o
                                0x67b (size before relaxing)
 .debug_str     0x000006e2       0xab ..\obj\startup_lm3s.o
                                0x142 (size before relaxing)

.comment        0x00000000       0x70
 .comment       0x00000000       0x70 ..\obj\semihosting.o
                                 0x71 (size before relaxing)
 .comment       0x00000000       0x71 ..\obj\main.o
 .comment       0x00000000       0x71 ..\obj\printf.o
 .comment       0x00000000       0x71 ..\obj\startup_lm3s.o

.ARM.attributes
                0x00000000       0x31
 .ARM.attributes
                0x00000000       0x33 ..\obj\semihosting.o
 .ARM.attributes
                0x00000033       0x33 ..\obj\main.o
 .ARM.attributes
                0x00000066       0x33 ..\obj\printf.o
 .ARM.attributes
                0x00000099       0x33 ..\obj\startup_lm3s.o
 .ARM.attributes
                0x000000cc       0x21 ..\obj\sh_cmd.o

.debug_frame    0x00000000      0x350
 .debug_frame   0x00000000       0x70 ..\obj\semihosting.o
 .debug_frame   0x00000070       0x50 ..\obj\main.o
 .debug_frame   0x000000c0      0x248 ..\obj\printf.o
 .debug_frame   0x00000308       0x48 ..\obj\startup_lm3s.o
