Archive member included because of file (symbol)

..\..\..\..\..\..\..\..\StellarisWare\driverlib\gcc-cm3\libdriver-cm3.a(gpio.o)
                              ..\obj\rit128x96x4.o (GPIOPadConfigSet)
..\..\..\..\..\..\..\..\StellarisWare\driverlib\gcc-cm3\libdriver-cm3.a(interrupt.o)
                              ..\..\..\..\..\..\..\..\StellarisWare\driverlib\gcc-cm3\libdriver-cm3.a(gpio.o) (IntRegister)
..\..\..\..\..\..\..\..\StellarisWare\driverlib\gcc-cm3\libdriver-cm3.a(ssi.o)
                              ..\obj\rit128x96x4.o (SSIConfigSetExpClk)
..\..\..\..\..\..\..\..\StellarisWare\driverlib\gcc-cm3\libdriver-cm3.a(sysctl.o)
                              ..\obj\rit128x96x4.o (SysCtlPeripheralEnable)
..\..\..\..\..\..\..\..\StellarisWare\driverlib\gcc-cm3\libdriver-cm3.a(cpu.o)
                              ..\..\..\..\..\..\..\..\StellarisWare\driverlib\gcc-cm3\libdriver-cm3.a(interrupt.o) (CPUcpsid)

Discarded input sections

 .text          0x00000000        0x0 ..\obj\main.o
 .bss           0x00000000        0x0 ..\obj\main.o
 .text          0x00000000        0x0 ..\obj\rit128x96x4.o
 .data          0x00000000        0x0 ..\obj\rit128x96x4.o
 .text.RIT128x96x4Disable
                0x00000000       0x78 ..\obj\rit128x96x4.o
 .text.RIT128x96x4DisplayOn
                0x00000000       0x48 ..\obj\rit128x96x4.o
 .text.RIT128x96x4DisplayOff
                0x00000000       0x14 ..\obj\rit128x96x4.o
 .text          0x00000000        0x0 ..\obj\startup_lm3s.o
 .data          0x00000000        0x0 ..\obj\startup_lm3s.o
 .bss           0x00000000        0x0 ..\obj\startup_lm3s.o
 .text          0x00000000        0x0 ..\..\..\..\..\..\..\..\StellarisWare\driverlib\gcc-cm3\libdriver-cm3.a(gpio.o)
 .data          0x00000000        0x0 ..\..\..\..\..\..\..\..\StellarisWare\driverlib\gcc-cm3\libdriver-cm3.a(gpio.o)
 .bss           0x00000000        0x0 ..\..\..\..\..\..\..\..\StellarisWare\driverlib\gcc-cm3\libdriver-cm3.a(gpio.o)
 .text.GPIOGetIntNumber
                0x00000000      0x140 ..\..\..\..\..\..\..\..\StellarisWare\driverlib\gcc-cm3\libdriver-cm3.a(gpio.o)
 .text.GPIODirModeGet
                0x00000000       0x24 ..\..\..\..\..\..\..\..\StellarisWare\driverlib\gcc-cm3\libdriver-cm3.a(gpio.o)
 .text.GPIOIntTypeSet
                0x00000000       0x48 ..\..\..\..\..\..\..\..\StellarisWare\driverlib\gcc-cm3\libdriver-cm3.a(gpio.o)
 .text.GPIOIntTypeGet
                0x00000000       0x32 ..\..\..\..\..\..\..\..\StellarisWare\driverlib\gcc-cm3\libdriver-cm3.a(gpio.o)
 .text.GPIOPadConfigGet
                0x00000000       0x76 ..\..\..\..\..\..\..\..\StellarisWare\driverlib\gcc-cm3\libdriver-cm3.a(gpio.o)
 .text.GPIOPinIntEnable
                0x00000000        0xc ..\..\..\..\..\..\..\..\StellarisWare\driverlib\gcc-cm3\libdriver-cm3.a(gpio.o)
 .text.GPIOPinIntDisable
                0x00000000        0xe ..\..\..\..\..\..\..\..\StellarisWare\driverlib\gcc-cm3\libdriver-cm3.a(gpio.o)
 .text.GPIOPinIntStatus
                0x00000000        0xe ..\..\..\..\..\..\..\..\StellarisWare\driverlib\gcc-cm3\libdriver-cm3.a(gpio.o)
 .text.GPIOPinIntClear
                0x00000000        0x6 ..\..\..\..\..\..\..\..\StellarisWare\driverlib\gcc-cm3\libdriver-cm3.a(gpio.o)
 .text.GPIOPortIntRegister
                0x00000000       0x1a ..\..\..\..\..\..\..\..\StellarisWare\driverlib\gcc-cm3\libdriver-cm3.a(gpio.o)
 .text.GPIOPortIntUnregister
                0x00000000       0x16 ..\..\..\..\..\..\..\..\StellarisWare\driverlib\gcc-cm3\libdriver-cm3.a(gpio.o)
 .text.GPIOPinRead
                0x00000000        0x6 ..\..\..\..\..\..\..\..\StellarisWare\driverlib\gcc-cm3\libdriver-cm3.a(gpio.o)
 .text.GPIOPinTypeADC
                0x00000000       0x1c ..\..\..\..\..\..\..\..\StellarisWare\driverlib\gcc-cm3\libdriver-cm3.a(gpio.o)
 .text.GPIOPinTypeCAN
                0x00000000       0x1c ..\..\..\..\..\..\..\..\StellarisWare\driverlib\gcc-cm3\libdriver-cm3.a(gpio.o)
 .text.GPIOPinTypeComparator
                0x00000000       0x1c ..\..\..\..\..\..\..\..\StellarisWare\driverlib\gcc-cm3\libdriver-cm3.a(gpio.o)
 .text.GPIOPinTypeEPI
                0x00000000       0x1c ..\..\..\..\..\..\..\..\StellarisWare\driverlib\gcc-cm3\libdriver-cm3.a(gpio.o)
 .text.GPIOPinTypeEthernetLED
                0x00000000       0x1c ..\..\..\..\..\..\..\..\StellarisWare\driverlib\gcc-cm3\libdriver-cm3.a(gpio.o)
 .text.GPIOPinTypeEthernetMII
                0x00000000       0x1c ..\..\..\..\..\..\..\..\StellarisWare\driverlib\gcc-cm3\libdriver-cm3.a(gpio.o)
 .text.GPIOPinTypeFan
                0x00000000       0x1c ..\..\..\..\..\..\..\..\StellarisWare\driverlib\gcc-cm3\libdriver-cm3.a(gpio.o)
 .text.GPIOPinTypeGPIOInput
                0x00000000       0x1c ..\..\..\..\..\..\..\..\StellarisWare\driverlib\gcc-cm3\libdriver-cm3.a(gpio.o)
 .text.GPIOPinTypeGPIOOutputOD
                0x00000000       0x1c ..\..\..\..\..\..\..\..\StellarisWare\driverlib\gcc-cm3\libdriver-cm3.a(gpio.o)
 .text.GPIOPinTypeI2C
                0x00000000       0x1c ..\..\..\..\..\..\..\..\StellarisWare\driverlib\gcc-cm3\libdriver-cm3.a(gpio.o)
 .text.GPIOPinTypeI2CSCL
                0x00000000       0x90 ..\..\..\..\..\..\..\..\StellarisWare\driverlib\gcc-cm3\libdriver-cm3.a(gpio.o)
 .text.GPIOPinTypeI2S
                0x00000000       0x1c ..\..\..\..\..\..\..\..\StellarisWare\driverlib\gcc-cm3\libdriver-cm3.a(gpio.o)
 .text.GPIOPinTypeLPC
                0x00000000       0x1c ..\..\..\..\..\..\..\..\StellarisWare\driverlib\gcc-cm3\libdriver-cm3.a(gpio.o)
 .text.GPIOPinTypePECIRx
                0x00000000       0x1c ..\..\..\..\..\..\..\..\StellarisWare\driverlib\gcc-cm3\libdriver-cm3.a(gpio.o)
 .text.GPIOPinTypePECITx
                0x00000000       0x1c ..\..\..\..\..\..\..\..\StellarisWare\driverlib\gcc-cm3\libdriver-cm3.a(gpio.o)
 .text.GPIOPinTypePWM
                0x00000000       0x1c ..\..\..\..\..\..\..\..\StellarisWare\driverlib\gcc-cm3\libdriver-cm3.a(gpio.o)
 .text.GPIOPinTypeQEI
                0x00000000       0x1c ..\..\..\..\..\..\..\..\StellarisWare\driverlib\gcc-cm3\libdriver-cm3.a(gpio.o)
 .text.GPIOPinTypeTimer
                0x00000000       0x1c ..\..\..\..\..\..\..\..\StellarisWare\driverlib\gcc-cm3\libdriver-cm3.a(gpio.o)
 .text.GPIOPinTypeUART
                0x00000000       0x1c ..\..\..\..\..\..\..\..\StellarisWare\driverlib\gcc-cm3\libdriver-cm3.a(gpio.o)
 .text.GPIOPinTypeUSBAnalog
                0x00000000       0x1c ..\..\..\..\..\..\..\..\StellarisWare\driverlib\gcc-cm3\libdriver-cm3.a(gpio.o)
 .text.GPIOPinTypeUSBDigital
                0x00000000       0x1c ..\..\..\..\..\..\..\..\StellarisWare\driverlib\gcc-cm3\libdriver-cm3.a(gpio.o)
 .text.GPIOPinConfigure
                0x00000000       0x4c ..\..\..\..\..\..\..\..\StellarisWare\driverlib\gcc-cm3\libdriver-cm3.a(gpio.o)
 .text.GPIODMATriggerEnable
                0x00000000        0xc ..\..\..\..\..\..\..\..\StellarisWare\driverlib\gcc-cm3\libdriver-cm3.a(gpio.o)
 .text.GPIODMATriggerDisable
                0x00000000        0xe ..\..\..\..\..\..\..\..\StellarisWare\driverlib\gcc-cm3\libdriver-cm3.a(gpio.o)
 .text.GPIOADCTriggerEnable
                0x00000000        0xc ..\..\..\..\..\..\..\..\StellarisWare\driverlib\gcc-cm3\libdriver-cm3.a(gpio.o)
 .text.GPIOADCTriggerDisable
                0x00000000        0xe ..\..\..\..\..\..\..\..\StellarisWare\driverlib\gcc-cm3\libdriver-cm3.a(gpio.o)
 .rodata.g_pulGPIOBaseAddrs
                0x00000000       0x78 ..\..\..\..\..\..\..\..\StellarisWare\driverlib\gcc-cm3\libdriver-cm3.a(gpio.o)
 .text          0x00000000        0x0 ..\..\..\..\..\..\..\..\StellarisWare\driverlib\gcc-cm3\libdriver-cm3.a(interrupt.o)
 .data          0x00000000        0x0 ..\..\..\..\..\..\..\..\StellarisWare\driverlib\gcc-cm3\libdriver-cm3.a(interrupt.o)
 .bss           0x00000000        0x0 ..\..\..\..\..\..\..\..\StellarisWare\driverlib\gcc-cm3\libdriver-cm3.a(interrupt.o)
 .text.IntDefaultHandler
                0x00000000        0x2 ..\..\..\..\..\..\..\..\StellarisWare\driverlib\gcc-cm3\libdriver-cm3.a(interrupt.o)
 .text.IntMasterEnable
                0x00000000        0xa ..\..\..\..\..\..\..\..\StellarisWare\driverlib\gcc-cm3\libdriver-cm3.a(interrupt.o)
 .text.IntMasterDisable
                0x00000000        0xa ..\..\..\..\..\..\..\..\StellarisWare\driverlib\gcc-cm3\libdriver-cm3.a(interrupt.o)
 .text.IntRegister
                0x00000000       0x30 ..\..\..\..\..\..\..\..\StellarisWare\driverlib\gcc-cm3\libdriver-cm3.a(interrupt.o)
 .text.IntUnregister
                0x00000000       0x14 ..\..\..\..\..\..\..\..\StellarisWare\driverlib\gcc-cm3\libdriver-cm3.a(interrupt.o)
 .text.IntPriorityGroupingSet
                0x00000000       0x1c ..\..\..\..\..\..\..\..\StellarisWare\driverlib\gcc-cm3\libdriver-cm3.a(interrupt.o)
 .text.IntPriorityGroupingGet
                0x00000000       0x24 ..\..\..\..\..\..\..\..\StellarisWare\driverlib\gcc-cm3\libdriver-cm3.a(interrupt.o)
 .text.IntPrioritySet
                0x00000000       0x28 ..\..\..\..\..\..\..\..\StellarisWare\driverlib\gcc-cm3\libdriver-cm3.a(interrupt.o)
 .text.IntPriorityGet
                0x00000000       0x1c ..\..\..\..\..\..\..\..\StellarisWare\driverlib\gcc-cm3\libdriver-cm3.a(interrupt.o)
 .text.IntEnable
                0x00000000       0x60 ..\..\..\..\..\..\..\..\StellarisWare\driverlib\gcc-cm3\libdriver-cm3.a(interrupt.o)
 .text.IntDisable
                0x00000000       0x60 ..\..\..\..\..\..\..\..\StellarisWare\driverlib\gcc-cm3\libdriver-cm3.a(interrupt.o)
 .text.IntIsEnabled
                0x00000000       0x64 ..\..\..\..\..\..\..\..\StellarisWare\driverlib\gcc-cm3\libdriver-cm3.a(interrupt.o)
 .text.IntPendSet
                0x00000000       0x50 ..\..\..\..\..\..\..\..\StellarisWare\driverlib\gcc-cm3\libdriver-cm3.a(interrupt.o)
 .text.IntPendClear
                0x00000000       0x40 ..\..\..\..\..\..\..\..\StellarisWare\driverlib\gcc-cm3\libdriver-cm3.a(interrupt.o)
 .text.IntPriorityMaskSet
                0x00000000        0x4 ..\..\..\..\..\..\..\..\StellarisWare\driverlib\gcc-cm3\libdriver-cm3.a(interrupt.o)
 .text.IntPriorityMaskGet
                0x00000000        0x4 ..\..\..\..\..\..\..\..\StellarisWare\driverlib\gcc-cm3\libdriver-cm3.a(interrupt.o)
 .rodata.g_pulEnRegs
                0x00000000       0x14 ..\..\..\..\..\..\..\..\StellarisWare\driverlib\gcc-cm3\libdriver-cm3.a(interrupt.o)
 .rodata.g_pulDisRegs
                0x00000000       0x14 ..\..\..\..\..\..\..\..\StellarisWare\driverlib\gcc-cm3\libdriver-cm3.a(interrupt.o)
 .rodata.g_pulPendRegs
                0x00000000       0x14 ..\..\..\..\..\..\..\..\StellarisWare\driverlib\gcc-cm3\libdriver-cm3.a(interrupt.o)
 .rodata.g_pulUnpendRegs
                0x00000000       0x14 ..\..\..\..\..\..\..\..\StellarisWare\driverlib\gcc-cm3\libdriver-cm3.a(interrupt.o)
 vtable         0x00000000      0x400 ..\..\..\..\..\..\..\..\StellarisWare\driverlib\gcc-cm3\libdriver-cm3.a(interrupt.o)
 .rodata.g_pulPriority
                0x00000000       0x20 ..\..\..\..\..\..\..\..\StellarisWare\driverlib\gcc-cm3\libdriver-cm3.a(interrupt.o)
 .rodata.g_pulRegs
                0x00000000       0x9c ..\..\..\..\..\..\..\..\StellarisWare\driverlib\gcc-cm3\libdriver-cm3.a(interrupt.o)
 .comment       0x00000000       0x2c ..\..\..\..\..\..\..\..\StellarisWare\driverlib\gcc-cm3\libdriver-cm3.a(interrupt.o)
 .ARM.attributes
                0x00000000       0x31 ..\..\..\..\..\..\..\..\StellarisWare\driverlib\gcc-cm3\libdriver-cm3.a(interrupt.o)
 .text          0x00000000        0x0 ..\..\..\..\..\..\..\..\StellarisWare\driverlib\gcc-cm3\libdriver-cm3.a(ssi.o)
 .data          0x00000000        0x0 ..\..\..\..\..\..\..\..\StellarisWare\driverlib\gcc-cm3\libdriver-cm3.a(ssi.o)
 .bss           0x00000000        0x0 ..\..\..\..\..\..\..\..\StellarisWare\driverlib\gcc-cm3\libdriver-cm3.a(ssi.o)
 .text.SSIIntNumberGet
                0x00000000       0x4c ..\..\..\..\..\..\..\..\StellarisWare\driverlib\gcc-cm3\libdriver-cm3.a(ssi.o)
 .text.SSIIntRegister
                0x00000000       0x1a ..\..\..\..\..\..\..\..\StellarisWare\driverlib\gcc-cm3\libdriver-cm3.a(ssi.o)
 .text.SSIIntUnregister
                0x00000000       0x16 ..\..\..\..\..\..\..\..\StellarisWare\driverlib\gcc-cm3\libdriver-cm3.a(ssi.o)
 .text.SSIIntEnable
                0x00000000        0x8 ..\..\..\..\..\..\..\..\StellarisWare\driverlib\gcc-cm3\libdriver-cm3.a(ssi.o)
 .text.SSIIntDisable
                0x00000000        0xa ..\..\..\..\..\..\..\..\StellarisWare\driverlib\gcc-cm3\libdriver-cm3.a(ssi.o)
 .text.SSIIntStatus
                0x00000000        0xa ..\..\..\..\..\..\..\..\StellarisWare\driverlib\gcc-cm3\libdriver-cm3.a(ssi.o)
 .text.SSIIntClear
                0x00000000        0x4 ..\..\..\..\..\..\..\..\StellarisWare\driverlib\gcc-cm3\libdriver-cm3.a(ssi.o)
 .text.SSIDataPutNonBlocking
                0x00000000       0x12 ..\..\..\..\..\..\..\..\StellarisWare\driverlib\gcc-cm3\libdriver-cm3.a(ssi.o)
 .text.SSIDataGet
                0x00000000        0xe ..\..\..\..\..\..\..\..\StellarisWare\driverlib\gcc-cm3\libdriver-cm3.a(ssi.o)
 .text.SSIDataGetNonBlocking
                0x00000000       0x14 ..\..\..\..\..\..\..\..\StellarisWare\driverlib\gcc-cm3\libdriver-cm3.a(ssi.o)
 .text.SSIDMAEnable
                0x00000000        0x8 ..\..\..\..\..\..\..\..\StellarisWare\driverlib\gcc-cm3\libdriver-cm3.a(ssi.o)
 .text.SSIDMADisable
                0x00000000        0xa ..\..\..\..\..\..\..\..\StellarisWare\driverlib\gcc-cm3\libdriver-cm3.a(ssi.o)
 .text.SSIClockSourceSet
                0x00000000        0x6 ..\..\..\..\..\..\..\..\StellarisWare\driverlib\gcc-cm3\libdriver-cm3.a(ssi.o)
 .text.SSIClockSourceGet
                0x00000000        0x6 ..\..\..\..\..\..\..\..\StellarisWare\driverlib\gcc-cm3\libdriver-cm3.a(ssi.o)
 .rodata.g_ppulSSIIntMap
                0x00000000       0x20 ..\..\..\..\..\..\..\..\StellarisWare\driverlib\gcc-cm3\libdriver-cm3.a(ssi.o)
 .text          0x00000000        0x0 ..\..\..\..\..\..\..\..\StellarisWare\driverlib\gcc-cm3\libdriver-cm3.a(sysctl.o)
 .data          0x00000000        0x0 ..\..\..\..\..\..\..\..\StellarisWare\driverlib\gcc-cm3\libdriver-cm3.a(sysctl.o)
 .bss           0x00000000        0x0 ..\..\..\..\..\..\..\..\StellarisWare\driverlib\gcc-cm3\libdriver-cm3.a(sysctl.o)
 .text.SysCtlPeripheralMapToNew
                0x00000000       0x24 ..\..\..\..\..\..\..\..\StellarisWare\driverlib\gcc-cm3\libdriver-cm3.a(sysctl.o)
 .text.SysCtlSRAMSizeGet
                0x00000000       0x14 ..\..\..\..\..\..\..\..\StellarisWare\driverlib\gcc-cm3\libdriver-cm3.a(sysctl.o)
 .text.SysCtlFlashSizeGet
                0x00000000       0x14 ..\..\..\..\..\..\..\..\StellarisWare\driverlib\gcc-cm3\libdriver-cm3.a(sysctl.o)
 .text.SysCtlPinPresent
                0x00000000       0x14 ..\..\..\..\..\..\..\..\StellarisWare\driverlib\gcc-cm3\libdriver-cm3.a(sysctl.o)
 .text.SysCtlPeripheralPresent
                0x00000000       0x7c ..\..\..\..\..\..\..\..\StellarisWare\driverlib\gcc-cm3\libdriver-cm3.a(sysctl.o)
 .text.SysCtlPeripheralReady
                0x00000000       0x38 ..\..\..\..\..\..\..\..\StellarisWare\driverlib\gcc-cm3\libdriver-cm3.a(sysctl.o)
 .text.SysCtlPeripheralPowerOn
                0x00000000       0x38 ..\..\..\..\..\..\..\..\StellarisWare\driverlib\gcc-cm3\libdriver-cm3.a(sysctl.o)
 .text.SysCtlPeripheralPowerOff
                0x00000000       0x38 ..\..\..\..\..\..\..\..\StellarisWare\driverlib\gcc-cm3\libdriver-cm3.a(sysctl.o)
 .text.SysCtlPeripheralReset
                0x00000000       0x8c ..\..\..\..\..\..\..\..\StellarisWare\driverlib\gcc-cm3\libdriver-cm3.a(sysctl.o)
 .text.SysCtlPeripheralDisable
                0x00000000       0x5c ..\..\..\..\..\..\..\..\StellarisWare\driverlib\gcc-cm3\libdriver-cm3.a(sysctl.o)
 .text.SysCtlPeripheralSleepEnable
                0x00000000       0x5c ..\..\..\..\..\..\..\..\StellarisWare\driverlib\gcc-cm3\libdriver-cm3.a(sysctl.o)
 .text.SysCtlPeripheralSleepDisable
                0x00000000       0x5c ..\..\..\..\..\..\..\..\StellarisWare\driverlib\gcc-cm3\libdriver-cm3.a(sysctl.o)
 .text.SysCtlPeripheralDeepSleepEnable
                0x00000000       0x5c ..\..\..\..\..\..\..\..\StellarisWare\driverlib\gcc-cm3\libdriver-cm3.a(sysctl.o)
 .text.SysCtlPeripheralDeepSleepDisable
                0x00000000       0x5c ..\..\..\..\..\..\..\..\StellarisWare\driverlib\gcc-cm3\libdriver-cm3.a(sysctl.o)
 .text.SysCtlPeripheralClockGating
                0x00000000       0x1c ..\..\..\..\..\..\..\..\StellarisWare\driverlib\gcc-cm3\libdriver-cm3.a(sysctl.o)
 .text.SysCtlIntRegister
                0x00000000       0x14 ..\..\..\..\..\..\..\..\StellarisWare\driverlib\gcc-cm3\libdriver-cm3.a(sysctl.o)
 .text.SysCtlIntUnregister
                0x00000000       0x12 ..\..\..\..\..\..\..\..\StellarisWare\driverlib\gcc-cm3\libdriver-cm3.a(sysctl.o)
 .text.SysCtlIntEnable
                0x00000000       0x10 ..\..\..\..\..\..\..\..\StellarisWare\driverlib\gcc-cm3\libdriver-cm3.a(sysctl.o)
 .text.SysCtlIntDisable
                0x00000000       0x10 ..\..\..\..\..\..\..\..\StellarisWare\driverlib\gcc-cm3\libdriver-cm3.a(sysctl.o)
 .text.SysCtlIntClear
                0x00000000        0xc ..\..\..\..\..\..\..\..\StellarisWare\driverlib\gcc-cm3\libdriver-cm3.a(sysctl.o)
 .text.SysCtlIntStatus
                0x00000000       0x18 ..\..\..\..\..\..\..\..\StellarisWare\driverlib\gcc-cm3\libdriver-cm3.a(sysctl.o)
 .text.SysCtlLDOSet
                0x00000000        0xc ..\..\..\..\..\..\..\..\StellarisWare\driverlib\gcc-cm3\libdriver-cm3.a(sysctl.o)
 .text.SysCtlLDOGet
                0x00000000        0xc ..\..\..\..\..\..\..\..\StellarisWare\driverlib\gcc-cm3\libdriver-cm3.a(sysctl.o)
 .text.SysCtlLDOConfigSet
                0x00000000        0xc ..\..\..\..\..\..\..\..\StellarisWare\driverlib\gcc-cm3\libdriver-cm3.a(sysctl.o)
 .text.SysCtlReset
                0x00000000       0x10 ..\..\..\..\..\..\..\..\StellarisWare\driverlib\gcc-cm3\libdriver-cm3.a(sysctl.o)
 .text.SysCtlSleep
                0x00000000        0x4 ..\..\..\..\..\..\..\..\StellarisWare\driverlib\gcc-cm3\libdriver-cm3.a(sysctl.o)
 .text.SysCtlDeepSleep
                0x00000000       0x20 ..\..\..\..\..\..\..\..\StellarisWare\driverlib\gcc-cm3\libdriver-cm3.a(sysctl.o)
 .text.SysCtlResetCauseGet
                0x00000000        0xc ..\..\..\..\..\..\..\..\StellarisWare\driverlib\gcc-cm3\libdriver-cm3.a(sysctl.o)
 .text.SysCtlResetCauseClear
                0x00000000       0x10 ..\..\..\..\..\..\..\..\StellarisWare\driverlib\gcc-cm3\libdriver-cm3.a(sysctl.o)
 .text.SysCtlBrownOutConfigSet
                0x00000000       0x10 ..\..\..\..\..\..\..\..\StellarisWare\driverlib\gcc-cm3\libdriver-cm3.a(sysctl.o)
 .text.SysCtlMOSCConfigSet
                0x00000000        0xc ..\..\..\..\..\..\..\..\StellarisWare\driverlib\gcc-cm3\libdriver-cm3.a(sysctl.o)
 .text.SysCtlPIOSCCalibrate
                0x00000000       0x54 ..\..\..\..\..\..\..\..\StellarisWare\driverlib\gcc-cm3\libdriver-cm3.a(sysctl.o)
 .text.SysCtlDeepSleepClockSet
                0x00000000        0xc ..\..\..\..\..\..\..\..\StellarisWare\driverlib\gcc-cm3\libdriver-cm3.a(sysctl.o)
 .text.SysCtlPWMClockSet
                0x00000000       0x14 ..\..\..\..\..\..\..\..\StellarisWare\driverlib\gcc-cm3\libdriver-cm3.a(sysctl.o)
 .text.SysCtlPWMClockGet
                0x00000000       0x18 ..\..\..\..\..\..\..\..\StellarisWare\driverlib\gcc-cm3\libdriver-cm3.a(sysctl.o)
 .text.SysCtlADCSpeedSet
                0x00000000       0x20 ..\..\..\..\..\..\..\..\StellarisWare\driverlib\gcc-cm3\libdriver-cm3.a(sysctl.o)
 .text.SysCtlADCSpeedGet
                0x00000000       0x10 ..\..\..\..\..\..\..\..\StellarisWare\driverlib\gcc-cm3\libdriver-cm3.a(sysctl.o)
 .text.SysCtlIOSCVerificationSet
                0x00000000       0x1c ..\..\..\..\..\..\..\..\StellarisWare\driverlib\gcc-cm3\libdriver-cm3.a(sysctl.o)
 .text.SysCtlMOSCVerificationSet
                0x00000000       0x1c ..\..\..\..\..\..\..\..\StellarisWare\driverlib\gcc-cm3\libdriver-cm3.a(sysctl.o)
 .text.SysCtlPLLVerificationSet
                0x00000000       0x1c ..\..\..\..\..\..\..\..\StellarisWare\driverlib\gcc-cm3\libdriver-cm3.a(sysctl.o)
 .text.SysCtlClkVerificationClear
                0x00000000       0x10 ..\..\..\..\..\..\..\..\StellarisWare\driverlib\gcc-cm3\libdriver-cm3.a(sysctl.o)
 .text.SysCtlGPIOAHBEnable
                0x00000000       0x14 ..\..\..\..\..\..\..\..\StellarisWare\driverlib\gcc-cm3\libdriver-cm3.a(sysctl.o)
 .text.SysCtlGPIOAHBDisable
                0x00000000       0x14 ..\..\..\..\..\..\..\..\StellarisWare\driverlib\gcc-cm3\libdriver-cm3.a(sysctl.o)
 .text.SysCtlUSBPLLEnable
                0x00000000       0x10 ..\..\..\..\..\..\..\..\StellarisWare\driverlib\gcc-cm3\libdriver-cm3.a(sysctl.o)
 .text.SysCtlUSBPLLDisable
                0x00000000       0x10 ..\..\..\..\..\..\..\..\StellarisWare\driverlib\gcc-cm3\libdriver-cm3.a(sysctl.o)
 .text.SysCtlI2SMClkSet
                0x00000000       0xe0 ..\..\..\..\..\..\..\..\StellarisWare\driverlib\gcc-cm3\libdriver-cm3.a(sysctl.o)
 .bss.ulOscSelect
                0x00000000        0x4 ..\..\..\..\..\..\..\..\StellarisWare\driverlib\gcc-cm3\libdriver-cm3.a(sysctl.o)
 .bss.ulSysDiv  0x00000000        0x4 ..\..\..\..\..\..\..\..\StellarisWare\driverlib\gcc-cm3\libdriver-cm3.a(sysctl.o)
 .bss.ulOsc     0x00000000        0x4 ..\..\..\..\..\..\..\..\StellarisWare\driverlib\gcc-cm3\libdriver-cm3.a(sysctl.o)
 .rodata.g_pulDCRegs
                0x00000000       0x10 ..\..\..\..\..\..\..\..\StellarisWare\driverlib\gcc-cm3\libdriver-cm3.a(sysctl.o)
 .rodata.g_pulDCGCRegs
                0x00000000        0xc ..\..\..\..\..\..\..\..\StellarisWare\driverlib\gcc-cm3\libdriver-cm3.a(sysctl.o)
 .rodata.g_ppulPeripheralMap
                0x00000000      0x120 ..\..\..\..\..\..\..\..\StellarisWare\driverlib\gcc-cm3\libdriver-cm3.a(sysctl.o)
 .rodata.g_pulSCGCRegs
                0x00000000        0xc ..\..\..\..\..\..\..\..\StellarisWare\driverlib\gcc-cm3\libdriver-cm3.a(sysctl.o)
 .rodata.g_pulSRCRRegs
                0x00000000        0xc ..\..\..\..\..\..\..\..\StellarisWare\driverlib\gcc-cm3\libdriver-cm3.a(sysctl.o)
 .bss.bNewPLL   0x00000000        0x1 ..\..\..\..\..\..\..\..\StellarisWare\driverlib\gcc-cm3\libdriver-cm3.a(sysctl.o)
 .text          0x00000000        0x0 ..\..\..\..\..\..\..\..\StellarisWare\driverlib\gcc-cm3\libdriver-cm3.a(cpu.o)
 .data          0x00000000        0x0 ..\..\..\..\..\..\..\..\StellarisWare\driverlib\gcc-cm3\libdriver-cm3.a(cpu.o)
 .bss           0x00000000        0x0 ..\..\..\..\..\..\..\..\StellarisWare\driverlib\gcc-cm3\libdriver-cm3.a(cpu.o)
 .text.CPUcpsid
                0x00000000        0x8 ..\..\..\..\..\..\..\..\StellarisWare\driverlib\gcc-cm3\libdriver-cm3.a(cpu.o)
 .text.CPUprimask
                0x00000000        0x6 ..\..\..\..\..\..\..\..\StellarisWare\driverlib\gcc-cm3\libdriver-cm3.a(cpu.o)
 .text.CPUcpsie
                0x00000000        0x8 ..\..\..\..\..\..\..\..\StellarisWare\driverlib\gcc-cm3\libdriver-cm3.a(cpu.o)
 .text.CPUwfi   0x00000000        0x4 ..\..\..\..\..\..\..\..\StellarisWare\driverlib\gcc-cm3\libdriver-cm3.a(cpu.o)
 .text.CPUbasepriSet
                0x00000000        0x6 ..\..\..\..\..\..\..\..\StellarisWare\driverlib\gcc-cm3\libdriver-cm3.a(cpu.o)
 .text.CPUbasepriGet
                0x00000000        0x6 ..\..\..\..\..\..\..\..\StellarisWare\driverlib\gcc-cm3\libdriver-cm3.a(cpu.o)
 .comment       0x00000000       0x2c ..\..\..\..\..\..\..\..\StellarisWare\driverlib\gcc-cm3\libdriver-cm3.a(cpu.o)
 .ARM.attributes
                0x00000000       0x31 ..\..\..\..\..\..\..\..\StellarisWare\driverlib\gcc-cm3\libdriver-cm3.a(cpu.o)

Memory Configuration

Name             Origin             Length             Attributes
rom              0x00000000         0x00040000         xr
ram              0x20000000         0x00010000         xrw
*default*        0x00000000         0xffffffff

Linker script and memory map

                0x20010000                _eram = 0x20010000

.text           0x00000000      0xfd4
 *(.isr_vector)
 .isr_vector    0x00000000      0x100 ..\obj\startup_lm3s.o
                0x00000000                g_pfnVectors
 *(.text*)
 .text.main     0x00000100      0x120 ..\obj\main.o
                0x00000100                main
 .text.RITWriteCommand
                0x00000220       0xac ..\obj\rit128x96x4.o
 .text.RITWriteData
                0x000002cc       0xac ..\obj\rit128x96x4.o
 .text.RIT128x96x4Clear
                0x00000378       0x70 ..\obj\rit128x96x4.o
                0x00000378                RIT128x96x4Clear
 .text.RIT128x96x4StringDraw
                0x000003e8      0x150 ..\obj\rit128x96x4.o
                0x000003e8                RIT128x96x4StringDraw
 .text.RIT128x96x4ImageDraw
                0x00000538       0x98 ..\obj\rit128x96x4.o
                0x00000538                RIT128x96x4ImageDraw
 .text.RIT128x96x4Enable
                0x000005d0       0x6c ..\obj\rit128x96x4.o
                0x000005d0                RIT128x96x4Enable
 .text.RIT128x96x4Init
                0x0000063c       0xcc ..\obj\rit128x96x4.o
                0x0000063c                RIT128x96x4Init
 .text.Default_Reset_Handler
                0x00000708       0x5c ..\obj\startup_lm3s.o
                0x00000708                Default_Reset_Handler
                0x00000708                Reset_Handler
 .text.Default_Handler
                0x00000764        0x8 ..\obj\startup_lm3s.o
                0x00000764                DebugMon_Handler
                0x00000764                FlashCtrl_IRQHandler
                0x00000764                Timer0B_IRQHandler
                0x00000764                I2C0_IRQHandler
                0x00000764                HardFault_Handler
                0x00000764                SysTick_Handler
                0x00000764                PendSV_Handler
                0x00000764                NMI_Handler
                0x00000764                I2C1_IRQHandler
                0x00000764                PWMGen0_IRQHandler
                0x00000764                UART1_IRQHandler
                0x00000764                CAN1_IRQHandler
                0x00000764                Timer1B_IRQHandler
                0x00000764                Watchdog_IRQHandler
                0x00000764                UART0_IRQHandler
                0x00000764                SSI0_IRQHandler
                0x00000764                UsageFault_Handler
                0x00000764                ADCSeq1_IRQHandler
                0x00000764                PWMFault_IRQHandler
                0x00000764                PWMGen1_IRQHandler
                0x00000764                SSI1_IRQHandler
                0x00000764                uDMA_IRQHandler
                0x00000764                GPIOPortC_IRQHandler
                0x00000764                ADCSeq2_IRQHandler
                0x00000764                PWMGen2_IRQHandler
                0x00000764                UART2_IRQHandler
                0x00000764                uDMAErr_IRQHandler
                0x00000764                QEI1_IRQHandler
                0x00000764                QEI0_IRQHandler
                0x00000764                PWMGen3_IRQHandler
                0x00000764                GPIOPortD_IRQHandler
                0x00000764                USB0_IRQHandler
                0x00000764                MemManage_Handler
                0x00000764                Ethernet_IRQHandler
                0x00000764                SVC_Handler
                0x00000764                Timer3B_IRQHandler
                0x00000764                Timer3A_IRQHandler
                0x00000764                GPIOPortA_IRQHandler
                0x00000764                Timer0A_IRQHandler
                0x00000764                ADCSeq0_IRQHandler
                0x00000764                Timer1A_IRQHandler
                0x00000764                GPIOPortG_IRQHandler
                0x00000764                ADCSeq3_IRQHandler
                0x00000764                GPIOPortE_IRQHandler
                0x00000764                CAN0_IRQHandler
                0x00000764                Comp0_IRQHandler
                0x00000764                Comp1_IRQHandler
                0x00000764                Comp2_IRQHandler
                0x00000764                GPIOPortF_IRQHandler
                0x00000764                GPIOPortB_IRQHandler
                0x00000764                CAN2_IRQHandler
                0x00000764                GPIOPortH_IRQHandler
                0x00000764                BusFault_Handler
                0x00000764                Timer2A_IRQHandler
                0x00000764                Timer2B_IRQHandler
                0x00000764                SysCtrl_IRQHandler
                0x00000764                Hibernate_IRQHandler
 .text.GPIODirModeSet
                0x0000076c       0x2e ..\..\..\..\..\..\..\..\StellarisWare\driverlib\gcc-cm3\libdriver-cm3.a(gpio.o)
                0x0000076c                GPIODirModeSet
 .text.GPIOPadConfigSet
                0x0000079a       0xc8 ..\..\..\..\..\..\..\..\StellarisWare\driverlib\gcc-cm3\libdriver-cm3.a(gpio.o)
                0x0000079a                GPIOPadConfigSet
 .text.GPIOPinWrite
                0x00000862        0x6 ..\..\..\..\..\..\..\..\StellarisWare\driverlib\gcc-cm3\libdriver-cm3.a(gpio.o)
                0x00000862                GPIOPinWrite
 .text.GPIOPinTypeGPIOOutput
                0x00000868       0x1c ..\..\..\..\..\..\..\..\StellarisWare\driverlib\gcc-cm3\libdriver-cm3.a(gpio.o)
                0x00000868                GPIOPinTypeGPIOOutput
 .text.GPIOPinTypeSSI
                0x00000884       0x1c ..\..\..\..\..\..\..\..\StellarisWare\driverlib\gcc-cm3\libdriver-cm3.a(gpio.o)
                0x00000884                GPIOPinTypeSSI
 .text.SSIConfigSetExpClk
                0x000008a0       0x4a ..\..\..\..\..\..\..\..\StellarisWare\driverlib\gcc-cm3\libdriver-cm3.a(ssi.o)
                0x000008a0                SSIConfigSetExpClk
 .text.SSIEnable
                0x000008ea        0xa ..\..\..\..\..\..\..\..\StellarisWare\driverlib\gcc-cm3\libdriver-cm3.a(ssi.o)
                0x000008ea                SSIEnable
 .text.SSIDisable
                0x000008f4        0xa ..\..\..\..\..\..\..\..\StellarisWare\driverlib\gcc-cm3\libdriver-cm3.a(ssi.o)
                0x000008f4                SSIDisable
 .text.SSIDataPut
                0x000008fe        0xc ..\..\..\..\..\..\..\..\StellarisWare\driverlib\gcc-cm3\libdriver-cm3.a(ssi.o)
                0x000008fe                SSIDataPut
 .text.SSIBusy  0x0000090a        0x8 ..\..\..\..\..\..\..\..\StellarisWare\driverlib\gcc-cm3\libdriver-cm3.a(ssi.o)
                0x0000090a                SSIBusy
 *fill*         0x00000912        0x2 
 .text.SysCtlPeripheralEnable
                0x00000914       0x5c ..\..\..\..\..\..\..\..\StellarisWare\driverlib\gcc-cm3\libdriver-cm3.a(sysctl.o)
                0x00000914                SysCtlPeripheralEnable
 .text.SysCtlDelay
                0x00000970        0x6 ..\..\..\..\..\..\..\..\StellarisWare\driverlib\gcc-cm3\libdriver-cm3.a(sysctl.o)
                0x00000970                SysCtlDelay
 *fill*         0x00000976        0x2 
 .text.SysCtlClockSet
                0x00000978      0x174 ..\..\..\..\..\..\..\..\StellarisWare\driverlib\gcc-cm3\libdriver-cm3.a(sysctl.o)
                0x00000978                SysCtlClockSet
 .text.SysCtlClockGet
                0x00000aec      0x22c ..\..\..\..\..\..\..\..\StellarisWare\driverlib\gcc-cm3\libdriver-cm3.a(sysctl.o)
                0x00000aec                SysCtlClockGet
 *(.init)
 *(.fini)
 *crtbegin.o(.ctors)
 *crtbegin?.o(.ctors)
 *(EXCLUDE_FILE(*crtend.o *crtend?.o) .ctors)
 *(SORT(.ctors.*))
 *(.ctors)
 *crtbegin.o(.dtors)
 *crtbegin?.o(.dtors)
 *(EXCLUDE_FILE(*crtend.o *crtend?.o) .dtors)
 *(SORT(.dtors.*))
 *(.dtors)
 *(.rodata*)
 .rodata        0x00000d18      0x244 ..\obj\rit128x96x4.o
 .rodata.g_pulXtals
                0x00000f5c       0x6c ..\..\..\..\..\..\..\..\StellarisWare\driverlib\gcc-cm3\libdriver-cm3.a(sysctl.o)
 .rodata.g_pulRCGCRegs
                0x00000fc8        0xc ..\..\..\..\..\..\..\..\StellarisWare\driverlib\gcc-cm3\libdriver-cm3.a(sysctl.o)
 *(.eh_fram e*)

.glue_7         0x00000fd4        0x0
 .glue_7        0x00000000        0x0 linker stubs

.glue_7t        0x00000fd4        0x0
 .glue_7t       0x00000000        0x0 linker stubs

.vfp11_veneer   0x00000fd4        0x0
 .vfp11_veneer  0x00000000        0x0 linker stubs

.v4_bx          0x00000fd4        0x0
 .v4_bx         0x00000000        0x0 linker stubs

.iplt           0x00000fd4        0x0
 .iplt          0x00000000        0x0 ..\obj\main.o

.rel.dyn        0x00000fd4        0x0
 .rel.iplt      0x00000000        0x0 ..\obj\main.o

.ARM.extab
 *(.ARM.extab* .gnu.linkonce.armextab.*)
                0x00000fd4                __exidx_start = .

.ARM.exidx
 *(.ARM.exidx* .gnu.linkonce.armexidx.*)
                0x00000fd4                __exidx_end = .
                0x00000fd4                __etext = .
                0x00000fd4                _sidata = __etext

.data           0x20000000     0x4840 load address 0x00000fd4
                0x20000000                __data_start__ = .
                0x20000000                _sdata = __data_start__
 *(vtable)
 *(.data*)
 .data          0x20000000     0x4840 ..\obj\main.o
                0x20004840                . = ALIGN (0x4)
                0x20004840                PROVIDE (__preinit_array_start, .)
 *(.preinit_array)
                0x20004840                PROVIDE (__preinit_array_end, .)
                0x20004840                . = ALIGN (0x4)
                0x20004840                PROVIDE (__init_array_start, .)
 *(SORT(.init_array.*))
 *(.init_array)
                0x20004840                PROVIDE (__init_array_end, .)
                0x20004840                . = ALIGN (0x4)
                0x20004840                PROVIDE (__fini_array_start, .)
 *(SORT(.fini_array.*))
 *(.fini_array)
                0x20004840                PROVIDE (__fini_array_end, .)
 *(.jcr*)
                0x20004840                . = ALIGN (0x4)
                0x20004840                __data_end__ = .
                0x20004840                _edata = __data_end__

.igot.plt       0x20004840        0x0 load address 0x00005814
 .igot.plt      0x00000000        0x0 ..\obj\main.o

.bss            0x20004840        0xc load address 0x00005814
                0x20004840                . = ALIGN (0x4)
                0x20004840                __bss_start__ = .
                0x20004840                _sbss = __bss_start__
 *(.bss*)
 .bss           0x20004840        0xc ..\obj\rit128x96x4.o
 *(COMMON)
                0x2000484c                . = ALIGN (0x4)
                0x2000484c                __bss_end__ = .
                0x2000484c                _ebss = __bss_end__

.heap           0x2000484c        0x0
                0x2000484c                __end__ = .
                0x2000484c                _end = __end__
                0x2000484c                end = __end__
 *(.heap*)
                0x2000484c                __HeapLimit = .

.co_stack       0x2000484c      0x404 load address 0x00005820
                0x20004850                . = ALIGN (0x8)
 *fill*         0x2000484c        0x4 
 *(.co_stack .co_stack.*)
 .co_stack      0x20004850      0x400 ..\obj\startup_lm3s.o
                0x20004850                pulStack
                0x20010000                __StackTop = (ORIGIN (ram) + 0x10000)
                0x2000fbfc                __StackLimit = (__StackTop - SIZEOF (.co_stack))
                0x20010000                PROVIDE (__stack, __StackTop)
                0x00000001                ASSERT ((__StackLimit >= __HeapLimit), region ram  overflowed with stack)
LOAD ..\obj\main.o
LOAD ..\obj\rit128x96x4.o
LOAD ..\obj\startup_lm3s.o
LOAD ..\..\..\..\..\..\..\..\StellarisWare\driverlib\gcc-cm3\libdriver-cm3.a
START GROUP
LOAD c:/program files (x86)/gnu tools arm embedded/4.8 2014q2/bin/../lib/gcc/arm-none-eabi/4.8.4/armv7-m\libgcc.a
LOAD c:/program files (x86)/gnu tools arm embedded/4.8 2014q2/bin/../lib/gcc/arm-none-eabi/4.8.4/../../../../arm-none-eabi/lib/armv7-m\libg.a
LOAD c:/program files (x86)/gnu tools arm embedded/4.8 2014q2/bin/../lib/gcc/arm-none-eabi/4.8.4/../../../../arm-none-eabi/lib/armv7-m\libc.a
END GROUP
OUTPUT(Stellarisgraphics.elf elf32-littlearm)

.debug_info     0x00000000      0x585
 .debug_info    0x00000000       0xef ..\obj\main.o
 .debug_info    0x000000ef      0x3ad ..\obj\rit128x96x4.o
 .debug_info    0x0000049c       0xe9 ..\obj\startup_lm3s.o

.debug_abbrev   0x00000000      0x1d9
 .debug_abbrev  0x00000000       0x7e ..\obj\main.o
 .debug_abbrev  0x0000007e       0xb4 ..\obj\rit128x96x4.o
 .debug_abbrev  0x00000132       0xa7 ..\obj\startup_lm3s.o

.debug_aranges  0x00000000       0xb0
 .debug_aranges
                0x00000000       0x20 ..\obj\main.o
 .debug_aranges
                0x00000020       0x68 ..\obj\rit128x96x4.o
 .debug_aranges
                0x00000088       0x28 ..\obj\startup_lm3s.o

.debug_ranges   0x00000000       0x80
 .debug_ranges  0x00000000       0x10 ..\obj\main.o
 .debug_ranges  0x00000010       0x58 ..\obj\rit128x96x4.o
 .debug_ranges  0x00000068       0x18 ..\obj\startup_lm3s.o

.debug_line     0x00000000      0x3cd
 .debug_line    0x00000000      0x138 ..\obj\main.o
 .debug_line    0x00000138      0x1f9 ..\obj\rit128x96x4.o
 .debug_line    0x00000331       0x9c ..\obj\startup_lm3s.o

.debug_str      0x00000000      0x39f
 .debug_str     0x00000000      0x11a ..\obj\main.o
                                0x11f (size before relaxing)
 .debug_str     0x0000011a      0x1da ..\obj\rit128x96x4.o
                                0x2a9 (size before relaxing)
 .debug_str     0x000002f4       0xab ..\obj\startup_lm3s.o
                                0x14d (size before relaxing)

.comment        0x00000000       0x9b
 .comment       0x00000000       0x70 ..\obj\main.o
                                 0x71 (size before relaxing)
 .comment       0x00000000       0x71 ..\obj\rit128x96x4.o
 .comment       0x00000000       0x71 ..\obj\startup_lm3s.o
 .comment       0x00000070       0x2b ..\..\..\..\..\..\..\..\StellarisWare\driverlib\gcc-cm3\libdriver-cm3.a(gpio.o)
                                 0x2c (size before relaxing)
 .comment       0x00000000       0x2c ..\..\..\..\..\..\..\..\StellarisWare\driverlib\gcc-cm3\libdriver-cm3.a(ssi.o)
 .comment       0x00000000       0x2c ..\..\..\..\..\..\..\..\StellarisWare\driverlib\gcc-cm3\libdriver-cm3.a(sysctl.o)

.ARM.attributes
                0x00000000       0x33
 .ARM.attributes
                0x00000000       0x33 ..\obj\main.o
 .ARM.attributes
                0x00000033       0x33 ..\obj\rit128x96x4.o
 .ARM.attributes
                0x00000066       0x33 ..\obj\startup_lm3s.o
 .ARM.attributes
                0x00000099       0x31 ..\..\..\..\..\..\..\..\StellarisWare\driverlib\gcc-cm3\libdriver-cm3.a(gpio.o)
 .ARM.attributes
                0x000000ca       0x31 ..\..\..\..\..\..\..\..\StellarisWare\driverlib\gcc-cm3\libdriver-cm3.a(ssi.o)
 .ARM.attributes
                0x000000fb       0x31 ..\..\..\..\..\..\..\..\StellarisWare\driverlib\gcc-cm3\libdriver-cm3.a(sysctl.o)

.debug_frame    0x00000000      0x1c4
 .debug_frame   0x00000000       0x30 ..\obj\main.o
 .debug_frame   0x00000030      0x14c ..\obj\rit128x96x4.o
 .debug_frame   0x0000017c       0x48 ..\obj\startup_lm3s.o
